Archive member included to satisfy reference by file (symbol)

c:/st/stm32cubeide_1.5.1/stm32cubeide/plugins/com.st.stm32cube.ide.mcu.externaltools.gnu-tools-for-stm32.7-2018-q2-update.win32_1.5.0.202011040924/tools/bin/../lib/gcc/arm-none-eabi/7.3.1/../../../../arm-none-eabi/lib/thumb/v7-m\libc_nano.a(lib_a-errno.o)
                              Core/Src/syscalls.o (__errno)
c:/st/stm32cubeide_1.5.1/stm32cubeide/plugins/com.st.stm32cube.ide.mcu.externaltools.gnu-tools-for-stm32.7-2018-q2-update.win32_1.5.0.202011040924/tools/bin/../lib/gcc/arm-none-eabi/7.3.1/../../../../arm-none-eabi/lib/thumb/v7-m\libc_nano.a(lib_a-exit.o)
                              c:/st/stm32cubeide_1.5.1/stm32cubeide/plugins/com.st.stm32cube.ide.mcu.externaltools.gnu-tools-for-stm32.7-2018-q2-update.win32_1.5.0.202011040924/tools/bin/../lib/gcc/arm-none-eabi/7.3.1/../../../../arm-none-eabi/lib/thumb/v7-m/crt0.o (exit)
c:/st/stm32cubeide_1.5.1/stm32cubeide/plugins/com.st.stm32cube.ide.mcu.externaltools.gnu-tools-for-stm32.7-2018-q2-update.win32_1.5.0.202011040924/tools/bin/../lib/gcc/arm-none-eabi/7.3.1/../../../../arm-none-eabi/lib/thumb/v7-m\libc_nano.a(lib_a-impure.o)
                              c:/st/stm32cubeide_1.5.1/stm32cubeide/plugins/com.st.stm32cube.ide.mcu.externaltools.gnu-tools-for-stm32.7-2018-q2-update.win32_1.5.0.202011040924/tools/bin/../lib/gcc/arm-none-eabi/7.3.1/../../../../arm-none-eabi/lib/thumb/v7-m\libc_nano.a(lib_a-exit.o) (_global_impure_ptr)
c:/st/stm32cubeide_1.5.1/stm32cubeide/plugins/com.st.stm32cube.ide.mcu.externaltools.gnu-tools-for-stm32.7-2018-q2-update.win32_1.5.0.202011040924/tools/bin/../lib/gcc/arm-none-eabi/7.3.1/../../../../arm-none-eabi/lib/thumb/v7-m\libc_nano.a(lib_a-init.o)
                              c:/st/stm32cubeide_1.5.1/stm32cubeide/plugins/com.st.stm32cube.ide.mcu.externaltools.gnu-tools-for-stm32.7-2018-q2-update.win32_1.5.0.202011040924/tools/bin/../lib/gcc/arm-none-eabi/7.3.1/../../../../arm-none-eabi/lib/thumb/v7-m/crt0.o (__libc_init_array)
c:/st/stm32cubeide_1.5.1/stm32cubeide/plugins/com.st.stm32cube.ide.mcu.externaltools.gnu-tools-for-stm32.7-2018-q2-update.win32_1.5.0.202011040924/tools/bin/../lib/gcc/arm-none-eabi/7.3.1/../../../../arm-none-eabi/lib/thumb/v7-m\libc_nano.a(lib_a-malloc.o)
                              Core/Src/ST7735/st7735.o (malloc)
c:/st/stm32cubeide_1.5.1/stm32cubeide/plugins/com.st.stm32cube.ide.mcu.externaltools.gnu-tools-for-stm32.7-2018-q2-update.win32_1.5.0.202011040924/tools/bin/../lib/gcc/arm-none-eabi/7.3.1/../../../../arm-none-eabi/lib/thumb/v7-m\libc_nano.a(lib_a-memset.o)
                              c:/st/stm32cubeide_1.5.1/stm32cubeide/plugins/com.st.stm32cube.ide.mcu.externaltools.gnu-tools-for-stm32.7-2018-q2-update.win32_1.5.0.202011040924/tools/bin/../lib/gcc/arm-none-eabi/7.3.1/../../../../arm-none-eabi/lib/thumb/v7-m/crt0.o (memset)
c:/st/stm32cubeide_1.5.1/stm32cubeide/plugins/com.st.stm32cube.ide.mcu.externaltools.gnu-tools-for-stm32.7-2018-q2-update.win32_1.5.0.202011040924/tools/bin/../lib/gcc/arm-none-eabi/7.3.1/../../../../arm-none-eabi/lib/thumb/v7-m\libc_nano.a(lib_a-nano-freer.o)
                              c:/st/stm32cubeide_1.5.1/stm32cubeide/plugins/com.st.stm32cube.ide.mcu.externaltools.gnu-tools-for-stm32.7-2018-q2-update.win32_1.5.0.202011040924/tools/bin/../lib/gcc/arm-none-eabi/7.3.1/../../../../arm-none-eabi/lib/thumb/v7-m\libc_nano.a(lib_a-malloc.o) (_free_r)
c:/st/stm32cubeide_1.5.1/stm32cubeide/plugins/com.st.stm32cube.ide.mcu.externaltools.gnu-tools-for-stm32.7-2018-q2-update.win32_1.5.0.202011040924/tools/bin/../lib/gcc/arm-none-eabi/7.3.1/../../../../arm-none-eabi/lib/thumb/v7-m\libc_nano.a(lib_a-nano-mallocr.o)
                              c:/st/stm32cubeide_1.5.1/stm32cubeide/plugins/com.st.stm32cube.ide.mcu.externaltools.gnu-tools-for-stm32.7-2018-q2-update.win32_1.5.0.202011040924/tools/bin/../lib/gcc/arm-none-eabi/7.3.1/../../../../arm-none-eabi/lib/thumb/v7-m\libc_nano.a(lib_a-malloc.o) (_malloc_r)
c:/st/stm32cubeide_1.5.1/stm32cubeide/plugins/com.st.stm32cube.ide.mcu.externaltools.gnu-tools-for-stm32.7-2018-q2-update.win32_1.5.0.202011040924/tools/bin/../lib/gcc/arm-none-eabi/7.3.1/../../../../arm-none-eabi/lib/thumb/v7-m\libc_nano.a(lib_a-sbrkr.o)
                              c:/st/stm32cubeide_1.5.1/stm32cubeide/plugins/com.st.stm32cube.ide.mcu.externaltools.gnu-tools-for-stm32.7-2018-q2-update.win32_1.5.0.202011040924/tools/bin/../lib/gcc/arm-none-eabi/7.3.1/../../../../arm-none-eabi/lib/thumb/v7-m\libc_nano.a(lib_a-nano-mallocr.o) (_sbrk_r)
c:/st/stm32cubeide_1.5.1/stm32cubeide/plugins/com.st.stm32cube.ide.mcu.externaltools.gnu-tools-for-stm32.7-2018-q2-update.win32_1.5.0.202011040924/tools/bin/../lib/gcc/arm-none-eabi/7.3.1/../../../../arm-none-eabi/lib/thumb/v7-m\libc_nano.a(lib_a-mlock.o)
[...]
Memory Configuration

Name             Origin             Length             Attributes
RAM              0x0000000020000000 0x0000000000005000 xrw
FLASH            0x0000000008000000 0x0000000000010000 xr
*default*        0x0000000000000000 0xffffffffffffffff

Linker script and memory map

LOAD c:/st/stm32cubeide_1.5.1/stm32cubeide/plugins/com.st.stm32cube.ide.mcu.externaltools.gnu-tools-for-stm32.7-2018-q2-update.win32_1.5.0.202011040924/tools/bin/../lib/gcc/arm-none-eabi/7.3.1/thumb/v7-m/crti.o
LOAD c:/st/stm32cubeide_1.5.1/stm32cubeide/plugins/com.st.stm32cube.ide.mcu.externaltools.gnu-tools-for-stm32.7-2018-q2-update.win32_1.5.0.202011040924/tools/bin/../lib/gcc/arm-none-eabi/7.3.1/thumb/v7-m/crtbegin.o
LOAD c:/st/stm32cubeide_1.5.1/stm32cubeide/plugins/com.st.stm32cube.ide.mcu.externaltools.gnu-tools-for-stm32.7-2018-q2-update.win32_1.5.0.202011040924/tools/bin/../lib/gcc/arm-none-eabi/7.3.1/../../../../arm-none-eabi/lib/thumb/v7-m/crt0.o
LOAD Core/Src/ST7735/fonts.o
LOAD Core/Src/ST7735/st7735.o
LOAD Core/Src/main.o
LOAD Core/Src/stm32f1xx_hal_msp.o
LOAD Core/Src/stm32f1xx_it.o
LOAD Core/Src/syscalls.o
LOAD Core/Src/sysmem.o
LOAD Core/Src/system_stm32f1xx.o
LOAD Core/Startup/startup_stm32f103c8tx.o
LOAD Drivers/STM32F1xx_HAL_Driver/Src/stm32f1xx_hal.o
LOAD Drivers/STM32F1xx_HAL_Driver/Src/stm32f1xx_hal_cortex.o
LOAD Drivers/STM32F1xx_HAL_Driver/Src/stm32f1xx_hal_dma.o
LOAD Drivers/STM32F1xx_HAL_Driver/Src/stm32f1xx_hal_exti.o
LOAD Drivers/STM32F1xx_HAL_Driver/Src/stm32f1xx_hal_flash.o
LOAD Drivers/STM32F1xx_HAL_Driver/Src/stm32f1xx_hal_flash_ex.o
LOAD Drivers/STM32F1xx_HAL_Driver/Src/stm32f1xx_hal_gpio.o
LOAD Drivers/STM32F1xx_HAL_Driver/Src/stm32f1xx_hal_gpio_ex.o
LOAD Drivers/STM32F1xx_HAL_Driver/Src/stm32f1xx_hal_pwr.o
LOAD Drivers/STM32F1xx_HAL_Driver/Src/stm32f1xx_hal_rcc.o
LOAD Drivers/STM32F1xx_HAL_Driver/Src/stm32f1xx_hal_rcc_ex.o
LOAD Drivers/STM32F1xx_HAL_Driver/Src/stm32f1xx_hal_spi.o
LOAD Drivers/STM32F1xx_HAL_Driver/Src/stm32f1xx_hal_tim.o
LOAD Drivers/STM32F1xx_HAL_Driver/Src/stm32f1xx_hal_tim_ex.o
START GROUP
LOAD c:/st/stm32cubeide_1.5.1/stm32cubeide/plugins/com.st.stm32cube.ide.mcu.externaltools.gnu-tools-for-stm32.7-2018-q2-update.win32_1.5.0.202011040924/tools/bin/../lib/gcc/arm-none-eabi/7.3.1/../../../../arm-none-eabi/lib/thumb/v7-m\libc_nano.a
LOAD c:/st/stm32cubeide_1.5.1/stm32cubeide/plugins/com.st.stm32cube.ide.mcu.externaltools.gnu-tools-for-stm32.7-2018-q2-update.win32_1.5.0.202011040924/tools/bin/../lib/gcc/arm-none-eabi/7.3.1/../../../../arm-none-eabi/lib/thumb/v7-m\libm.a
END GROUP
START GROUP
LOAD c:/st/stm32cubeide_1.5.1/stm32cubeide/plugins/com.st.stm32cube.ide.mcu.externaltools.gnu-tools-for-stm32.7-2018-q2-update.win32_1.5.0.202011040924/tools/bin/../lib/gcc/arm-none-eabi/7.3.1/thumb/v7-m\libgcc.a
LOAD c:/st/stm32cubeide_1.5.1/stm32cubeide/plugins/com.st.stm32cube.ide.mcu.externaltools.gnu-tools-for-stm32.7-2018-q2-update.win32_1.5.0.202011040924/tools/bin/../lib/gcc/arm-none-eabi/7.3.1/../../../../arm-none-eabi/lib/thumb/v7-m\libc_nano.a
END GROUP
START GROUP
LOAD c:/st/stm32cubeide_1.5.1/stm32cubeide/plugins/com.st.stm32cube.ide.mcu.externaltools.gnu-tools-for-stm32.7-2018-q2-update.win32_1.5.0.202011040924/tools/bin/../lib/gcc/arm-none-eabi/7.3.1/thumb/v7-m\libgcc.a
LOAD c:/st/stm32cubeide_1.5.1/stm32cubeide/plugins/com.st.stm32cube.ide.mcu.externaltools.gnu-tools-for-stm32.7-2018-q2-update.win32_1.5.0.202011040924/tools/bin/../lib/gcc/arm-none-eabi/7.3.1/../../../../arm-none-eabi/lib/thumb/v7-m\libc_nano.a
LOAD c:/st/stm32cubeide_1.5.1/stm32cubeide/plugins/com.st.stm32cube.ide.mcu.externaltools.gnu-tools-for-stm32.7-2018-q2-update.win32_1.5.0.202011040924/tools/bin/../lib/gcc/arm-none-eabi/7.3.1/../../../../arm-none-eabi/lib/thumb/v7-m\libnosys.a
END GROUP
START GROUP
LOAD c:/st/stm32cubeide_1.5.1/stm32cubeide/plugins/com.st.stm32cube.ide.mcu.externaltools.gnu-tools-for-stm32.7-2018-q2-update.win32_1.5.0.202011040924/tools/bin/../lib/gcc/arm-none-eabi/7.3.1/thumb/v7-m\libgcc.a
LOAD c:/st/stm32cubeide_1.5.1/stm32cubeide/plugins/com.st.stm32cube.ide.mcu.externaltools.gnu-tools-for-stm32.7-2018-q2-update.win32_1.5.0.202011040924/tools/bin/../lib/gcc/arm-none-eabi/7.3.1/../../../../arm-none-eabi/lib/thumb/v7-m\libc_nano.a
LOAD c:/st/stm32cubeide_1.5.1/stm32cubeide/plugins/com.st.stm32cube.ide.mcu.externaltools.gnu-tools-for-stm32.7-2018-q2-update.win32_1.5.0.202011040924/tools/bin/../lib/gcc/arm-none-eabi/7.3.1/../../../../arm-none-eabi/lib/thumb/v7-m\libnosys.a
END GROUP
LOAD c:/st/stm32cubeide_1.5.1/stm32cubeide/plugins/com.st.stm32cube.ide.mcu.externaltools.gnu-tools-for-stm32.7-2018-q2-update.win32_1.5.0.202011040924/tools/bin/../lib/gcc/arm-none-eabi/7.3.1/thumb/v7-m/crtend.o
LOAD c:/st/stm32cubeide_1.5.1/stm32cubeide/plugins/com.st.stm32cube.ide.mcu.externaltools.gnu-tools-for-stm32.7-2018-q2-update.win32_1.5.0.202011040924/tools/bin/../lib/gcc/arm-none-eabi/7.3.1/thumb/v7-m/crtn.o
                0x0000000020005000                _estack = (ORIGIN (RAM) + LENGTH (RAM))
                0x0000000000000200                _Min_Heap_Size = 0x200
                0x0000000000000400                _Min_Stack_Size = 0x400

.isr_vector     0x0000000008000000      0x10c
                0x0000000008000000                . = ALIGN (0x4)
 *(.isr_vector)
 .isr_vector    0x0000000008000000      0x10c Core/Startup/startup_stm32f103c8tx.o
                0x0000000008000000                g_pfnVectors
                0x000000000800010c                . = ALIGN (0x4)

.text           0x000000000800010c     0x1a44
                0x000000000800010c                . = ALIGN (0x4)
 *(.text)
 .text          0x000000000800010c       0x40 c:/st/stm32cubeide_1.5.1/stm32cubeide/plugins/com.st.stm32cube.ide.mcu.externaltools.gnu-tools-for-stm32.7-2018-q2-update.win32_1.5.0.202011040924/tools/bin/../lib/gcc/arm-none-eabi/7.3.1/thumb/v7-m/crtbegin.o
 *(.text*)
 .text.ST7735_Select
                0x000000000800014c       0x18 Core/Src/ST7735/st7735.o
 .text.ST7735_Unselect
                0x0000000008000164       0x18 Core/Src/ST7735/st7735.o
                0x0000000008000164                ST7735_Unselect
 .text.ST7735_Reset
                0x000000000800017c       0x28 Core/Src/ST7735/st7735.o
 .text.ST7735_WriteCommand
                0x00000000080001a4       0x34 Core/Src/ST7735/st7735.o
 .text.ST7735_WriteData
                0x00000000080001d8       0x34 Core/Src/ST7735/st7735.o
 .text.ST7735_ExecuteCommandList
                0x000000000800020c       0x90 Core/Src/ST7735/st7735.o
 .text.ST7735_SetAddressWindow
                0x000000000800029c       0x78 Core/Src/ST7735/st7735.o
 .text.ST7735_Init
                0x0000000008000314       0x34 Core/Src/ST7735/st7735.o
                0x0000000008000314                ST7735_Init
 .text.ST7735_FillRectangle
                0x0000000008000348       0xe8 Core/Src/ST7735/st7735.o
                0x0000000008000348                ST7735_FillRectangle
 .text.ST7735_FillScreen
                0x0000000008000430       0x22 Core/Src/ST7735/st7735.o
                0x0000000008000430                ST7735_FillScreen
 .text.ST7735_DrawImage
                0x0000000008000452       0x9c Core/Src/ST7735/st7735.o
                0x0000000008000452                ST7735_DrawImage
 *fill*         0x00000000080004ee        0x2 
 .text.main     0x00000000080004f0       0x74 Core/Src/main.o
                0x00000000080004f0                main
 .text.SystemClock_Config
                0x0000000008000564       0x82 Core/Src/main.o
                0x0000000008000564                SystemClock_Config
 *fill*         0x00000000080005e6        0x2 
 .text.MX_SPI1_Init
                0x00000000080005e8       0x70 Core/Src/main.o
 .text.MX_GPIO_Init
                0x0000000008000658       0xa4 Core/Src/main.o
 .text.Error_Handler
                0x00000000080006fc        0x8 Core/Src/main.o
                0x00000000080006fc                Error_Handler
 .text.HAL_MspInit
                0x0000000008000704       0x64 Core/Src/stm32f1xx_hal_msp.o
                0x0000000008000704                HAL_MspInit
 .text.HAL_SPI_MspInit
                0x0000000008000768       0x7c Core/Src/stm32f1xx_hal_msp.o
                0x0000000008000768                HAL_SPI_MspInit
 .text.NMI_Handler
                0x00000000080007e4        0x6 Core/Src/stm32f1xx_it.o
                0x00000000080007e4                NMI_Handler
 .text.HardFault_Handler
                0x00000000080007ea        0x6 Core/Src/stm32f1xx_it.o
                0x00000000080007ea                HardFault_Handler
 .text.MemManage_Handler
                0x00000000080007f0        0x6 Core/Src/stm32f1xx_it.o
                0x00000000080007f0                MemManage_Handler
 .text.BusFault_Handler
                0x00000000080007f6        0x6 Core/Src/stm32f1xx_it.o
                0x00000000080007f6                BusFault_Handler
 .text.UsageFault_Handler
                0x00000000080007fc        0x6 Core/Src/stm32f1xx_it.o
                0x00000000080007fc                UsageFault_Handler
 .text.SVC_Handler
                0x0000000008000802        0xc Core/Src/stm32f1xx_it.o
                0x0000000008000802                SVC_Handler
 .text.DebugMon_Handler
                0x000000000800080e        0xc Core/Src/stm32f1xx_it.o
                0x000000000800080e                DebugMon_Handler
 .text.PendSV_Handler
                0x000000000800081a        0xc Core/Src/stm32f1xx_it.o
                0x000000000800081a                PendSV_Handler
 .text.SysTick_Handler
                0x0000000008000826        0xc Core/Src/stm32f1xx_it.o
                0x0000000008000826                SysTick_Handler
 .text.SystemInit
                0x0000000008000832        0xc Core/Src/system_stm32f1xx.o
                0x0000000008000832                SystemInit
 *fill*         0x000000000800083e        0x2 
 .text.Reset_Handler
                0x0000000008000840       0x48 Core/Startup/startup_stm32f103c8tx.o
                0x0000000008000840                Reset_Handler
 .text.Default_Handler
                0x0000000008000888        0x2 Core/Startup/startup_stm32f103c8tx.o
                0x0000000008000888                RTC_Alarm_IRQHandler
                0x0000000008000888                EXTI2_IRQHandler
                0x0000000008000888                TIM1_CC_IRQHandler
                0x0000000008000888                PVD_IRQHandler
                0x0000000008000888                EXTI3_IRQHandler
                0x0000000008000888                EXTI0_IRQHandler
                0x0000000008000888                I2C2_EV_IRQHandler
                0x0000000008000888                ADC1_2_IRQHandler
                0x0000000008000888                SPI1_IRQHandler
                0x0000000008000888                TAMPER_IRQHandler
                0x0000000008000888                DMA1_Channel4_IRQHandler
                0x0000000008000888                USART3_IRQHandler
                0x0000000008000888                RTC_IRQHandler
                0x0000000008000888                DMA1_Channel7_IRQHandler
                0x0000000008000888                CAN1_RX1_IRQHandler
                0x0000000008000888                TIM4_IRQHandler
                0x0000000008000888                I2C1_EV_IRQHandler
                0x0000000008000888                DMA1_Channel6_IRQHandler
                0x0000000008000888                TIM3_IRQHandler
                0x0000000008000888                RCC_IRQHandler
                0x0000000008000888                TIM1_TRG_COM_IRQHandler
                0x0000000008000888                DMA1_Channel1_IRQHandler
                0x0000000008000888                Default_Handler
                0x0000000008000888                EXTI15_10_IRQHandler
                0x0000000008000888                EXTI9_5_IRQHandler
                0x0000000008000888                SPI2_IRQHandler
                0x0000000008000888                DMA1_Channel5_IRQHandler
                0x0000000008000888                EXTI4_IRQHandler
                0x0000000008000888                USB_LP_CAN1_RX0_IRQHandler
                0x0000000008000888                USB_HP_CAN1_TX_IRQHandler
                0x0000000008000888                DMA1_Channel3_IRQHandler
                0x0000000008000888                TIM1_UP_IRQHandler
                0x0000000008000888                WWDG_IRQHandler
                0x0000000008000888                TIM2_IRQHandler
                0x0000000008000888                TIM1_BRK_IRQHandler
                0x0000000008000888                EXTI1_IRQHandler
                0x0000000008000888                USART2_IRQHandler
                0x0000000008000888                I2C2_ER_IRQHandler
                0x0000000008000888                DMA1_Channel2_IRQHandler
                0x0000000008000888                CAN1_SCE_IRQHandler
                0x0000000008000888                FLASH_IRQHandler
                0x0000000008000888                USART1_IRQHandler
                0x0000000008000888                I2C1_ER_IRQHandler
                0x0000000008000888                USBWakeUp_IRQHandler
 *fill*         0x000000000800088a        0x2 
 .text.HAL_Init
                0x000000000800088c       0x2c Drivers/STM32F1xx_HAL_Driver/Src/stm32f1xx_hal.o
                0x000000000800088c                HAL_Init
 .text.HAL_InitTick
                0x00000000080008b8       0x60 Drivers/STM32F1xx_HAL_Driver/Src/stm32f1xx_hal.o
                0x00000000080008b8                HAL_InitTick
 .text.HAL_IncTick
                0x0000000008000918       0x24 Drivers/STM32F1xx_HAL_Driver/Src/stm32f1xx_hal.o
                0x0000000008000918                HAL_IncTick
 .text.HAL_GetTick
                0x000000000800093c       0x14 Drivers/STM32F1xx_HAL_Driver/Src/stm32f1xx_hal.o
                0x000000000800093c                HAL_GetTick
 .text.HAL_Delay
                0x0000000008000950       0x44 Drivers/STM32F1xx_HAL_Driver/Src/stm32f1xx_hal.o
                0x0000000008000950                HAL_Delay
 .text.__NVIC_SetPriorityGrouping
                0x0000000008000994       0x48 Drivers/STM32F1xx_HAL_Driver/Src/stm32f1xx_hal_cortex.o
 .text.__NVIC_GetPriorityGrouping
                0x00000000080009dc       0x1c Drivers/STM32F1xx_HAL_Driver/Src/stm32f1xx_hal_cortex.o
 .text.__NVIC_SetPriority
                0x00000000080009f8       0x54 Drivers/STM32F1xx_HAL_Driver/Src/stm32f1xx_hal_cortex.o
 .text.NVIC_EncodePriority
                0x0000000008000a4c       0x64 Drivers/STM32F1xx_HAL_Driver/Src/stm32f1xx_hal_cortex.o
 .text.SysTick_Config
                0x0000000008000ab0       0x44 Drivers/STM32F1xx_HAL_Driver/Src/stm32f1xx_hal_cortex.o
 .text.HAL_NVIC_SetPriorityGrouping
                0x0000000008000af4       0x16 Drivers/STM32F1xx_HAL_Driver/Src/stm32f1xx_hal_cortex.o
                0x0000000008000af4                HAL_NVIC_SetPriorityGrouping
 .text.HAL_NVIC_SetPriority
                0x0000000008000b0a       0x38 Drivers/STM32F1xx_HAL_Driver/Src/stm32f1xx_hal_cortex.o
                0x0000000008000b0a                HAL_NVIC_SetPriority
 .text.HAL_SYSTICK_Config
                0x0000000008000b42       0x18 Drivers/STM32F1xx_HAL_Driver/Src/stm32f1xx_hal_cortex.o
                0x0000000008000b42                HAL_SYSTICK_Config
 *fill*         0x0000000008000b5a        0x2 
 .text.HAL_GPIO_Init
                0x0000000008000b5c      0x2b4 Drivers/STM32F1xx_HAL_Driver/Src/stm32f1xx_hal_gpio.o
                0x0000000008000b5c                HAL_GPIO_Init
 .text.HAL_GPIO_WritePin
                0x0000000008000e10       0x30 Drivers/STM32F1xx_HAL_Driver/Src/stm32f1xx_hal_gpio.o
                0x0000000008000e10                HAL_GPIO_WritePin
 .text.HAL_RCC_OscConfig
                0x0000000008000e40      0x500 Drivers/STM32F1xx_HAL_Driver/Src/stm32f1xx_hal_rcc.o
                0x0000000008000e40                HAL_RCC_OscConfig
 .text.HAL_RCC_ClockConfig
                0x0000000008001340      0x1d4 Drivers/STM32F1xx_HAL_Driver/Src/stm32f1xx_hal_rcc.o
                0x0000000008001340                HAL_RCC_ClockConfig
 .text.HAL_RCC_GetSysClockFreq
                0x0000000008001514       0xc4 Drivers/STM32F1xx_HAL_Driver/Src/stm32f1xx_hal_rcc.o
                0x0000000008001514                HAL_RCC_GetSysClockFreq
 .text.RCC_Delay
                0x00000000080015d8       0x3c Drivers/STM32F1xx_HAL_Driver/Src/stm32f1xx_hal_rcc.o
 .text.HAL_SPI_Init
                0x0000000008001614      0x108 Drivers/STM32F1xx_HAL_Driver/Src/stm32f1xx_hal_spi.o
                0x0000000008001614                HAL_SPI_Init
 .text.HAL_SPI_Transmit
                0x000000000800171c      0x278 Drivers/STM32F1xx_HAL_Driver/Src/stm32f1xx_hal_spi.o
                0x000000000800171c                HAL_SPI_Transmit
 .text.SPI_WaitFlagStateUntilTimeout
                0x0000000008001994      0x110 Drivers/STM32F1xx_HAL_Driver/Src/stm32f1xx_hal_spi.o
 .text.SPI_EndRxTxTransaction
                0x0000000008001aa4       0x3c Drivers/STM32F1xx_HAL_Driver/Src/stm32f1xx_hal_spi.o
 .text.__libc_init_array
                0x0000000008001ae0       0x48 c:/st/stm32cubeide_1.5.1/stm32cubeide/plugins/com.st.stm32cube.ide.mcu.externaltools.gnu-tools-for-stm32.7-2018-q2-update.win32_1.5.0.202011040924/tools/bin/../lib/gcc/arm-none-eabi/7.3.1/../../../../arm-none-eabi/lib/thumb/v7-m\libc_nano.a(lib_a-init.o)
                0x0000000008001ae0                __libc_init_array
 .text.memset   0x0000000008001b28       0x10 c:/st/stm32cubeide_1.5.1/stm32cubeide/plugins/com.st.stm32cube.ide.mcu.externaltools.gnu-tools-for-stm32.7-2018-q2-update.win32_1.5.0.202011040924/tools/bin/../lib/gcc/arm-none-eabi/7.3.1/../../../../arm-none-eabi/lib/thumb/v7-m\libc_nano.a(lib_a-memset.o)
                0x0000000008001b28                memset
 *(.glue_7)
 .glue_7        0x0000000008001b38        0x0 linker stubs
 *(.glue_7t)
 .glue_7t       0x0000000008001b38        0x0 linker stubs
 *(.eh_frame)
 .eh_frame      0x0000000008001b38        0x0 c:/st/stm32cubeide_1.5.1/stm32cubeide/plugins/com.st.stm32cube.ide.mcu.externaltools.gnu-tools-for-stm32.7-2018-q2-update.win32_1.5.0.202011040924/tools/bin/../lib/gcc/arm-none-eabi/7.3.1/thumb/v7-m/crtbegin.o
 *(.init)
 .init          0x0000000008001b38        0x4 c:/st/stm32cubeide_1.5.1/stm32cubeide/plugins/com.st.stm32cube.ide.mcu.externaltools.gnu-tools-for-stm32.7-2018-q2-update.win32_1.5.0.202011040924/tools/bin/../lib/gcc/arm-none-eabi/7.3.1/thumb/v7-m/crti.o
                0x0000000008001b38                _init
 .init          0x0000000008001b3c        0x8 c:/st/stm32cubeide_1.5.1/stm32cubeide/plugins/com.st.stm32cube.ide.mcu.externaltools.gnu-tools-for-stm32.7-2018-q2-update.win32_1.5.0.202011040924/tools/bin/../lib/gcc/arm-none-eabi/7.3.1/thumb/v7-m/crtn.o
 *(.fini)
 .fini          0x0000000008001b44        0x4 c:/st/stm32cubeide_1.5.1/stm32cubeide/plugins/com.st.stm32cube.ide.mcu.externaltools.gnu-tools-for-stm32.7-2018-q2-update.win32_1.5.0.202011040924/tools/bin/../lib/gcc/arm-none-eabi/7.3.1/thumb/v7-m/crti.o
                0x0000000008001b44                _fini
 .fini          0x0000000008001b48        0x8 c:/st/stm32cubeide_1.5.1/stm32cubeide/plugins/com.st.stm32cube.ide.mcu.externaltools.gnu-tools-for-stm32.7-2018-q2-update.win32_1.5.0.202011040924/tools/bin/../lib/gcc/arm-none-eabi/7.3.1/thumb/v7-m/crtn.o
                0x0000000008001b50                . = ALIGN (0x4)
                0x0000000008001b50                _etext = .

.vfp11_veneer   0x0000000008001b50        0x0
 .vfp11_veneer  0x0000000008001b50        0x0 linker stubs

.v4_bx          0x0000000008001b50        0x0
 .v4_bx         0x0000000008001b50        0x0 linker stubs

.iplt           0x0000000008001b50        0x0
 .iplt          0x0000000008001b50        0x0 c:/st/stm32cubeide_1.5.1/stm32cubeide/plugins/com.st.stm32cube.ide.mcu.externaltools.gnu-tools-for-stm32.7-2018-q2-update.win32_1.5.0.202011040924/tools/bin/../lib/gcc/arm-none-eabi/7.3.1/thumb/v7-m/crtbegin.o

.rodata         0x0000000008001b50     0x189c
                0x0000000008001b50                . = ALIGN (0x4)
 *(.rodata)
 .rodata        0x0000000008001b50       0x12 Drivers/STM32F1xx_HAL_Driver/Src/stm32f1xx_hal_rcc.o
 *(.rodata*)
 *fill*         0x0000000008001b62        0x2 
 .rodata.init_cmds1
                0x0000000008001b64       0x3b Core/Src/ST7735/st7735.o
 *fill*         0x0000000008001b9f        0x1 
 .rodata.init_cmds2
                0x0000000008001ba0        0xf Core/Src/ST7735/st7735.o
 *fill*         0x0000000008001baf        0x1 
 .rodata.init_cmds3
                0x0000000008001bb0       0x2b Core/Src/ST7735/st7735.o
 *fill*         0x0000000008001bdb        0x1 
 .rodata._2     0x0000000008001bdc      0x800 Core/Src/main.o
 .rodata._1     0x00000000080023dc      0x800 Core/Src/main.o
 .rodata._3     0x0000000008002bdc      0x800 Core/Src/main.o
 .rodata.AHBPrescTable
                0x00000000080033dc       0x10 Core/Src/system_stm32f1xx.o
                0x00000000080033dc                AHBPrescTable
                0x00000000080033ec                . = ALIGN (0x4)

.rel.dyn        0x00000000080033ec        0x0
 .rel.iplt      0x00000000080033ec        0x0 c:/st/stm32cubeide_1.5.1/stm32cubeide/plugins/com.st.stm32cube.ide.mcu.externaltools.gnu-tools-for-stm32.7-2018-q2-update.win32_1.5.0.202011040924/tools/bin/../lib/gcc/arm-none-eabi/7.3.1/thumb/v7-m/crtbegin.o

.ARM.extab      0x00000000080033ec        0x0
                0x00000000080033ec                . = ALIGN (0x4)
 *(.ARM.extab* .gnu.linkonce.armextab.*)
                0x00000000080033ec                . = ALIGN (0x4)

.ARM            0x00000000080033ec        0x0
                0x00000000080033ec                . = ALIGN (0x4)
                0x00000000080033ec                __exidx_start = .
 *(.ARM.exidx*)
                0x00000000080033ec                __exidx_end = .
                0x00000000080033ec                . = ALIGN (0x4)

.preinit_array  0x00000000080033ec        0x0
                0x00000000080033ec                . = ALIGN (0x4)
                0x00000000080033ec                PROVIDE (__preinit_array_start = .)
 *(.preinit_array*)
                0x00000000080033ec                PROVIDE (__preinit_array_end = .)
                0x00000000080033ec                . = ALIGN (0x4)

.init_array     0x00000000080033ec        0x4
                0x00000000080033ec                . = ALIGN (0x4)
                0x00000000080033ec                PROVIDE (__init_array_start = .)
 *(SORT_BY_NAME(.init_array.*))
 *(.init_array*)
 .init_array    0x00000000080033ec        0x4 c:/st/stm32cubeide_1.5.1/stm32cubeide/plugins/com.st.stm32cube.ide.mcu.externaltools.gnu-tools-for-stm32.7-2018-q2-update.win32_1.5.0.202011040924/tools/bin/../lib/gcc/arm-none-eabi/7.3.1/thumb/v7-m/crtbegin.o
                0x00000000080033f0                PROVIDE (__init_array_end = .)
                0x00000000080033f0                . = ALIGN (0x4)

.fini_array     0x00000000080033f0        0x4
                0x00000000080033f0                . = ALIGN (0x4)
                [!provide]                        PROVIDE (__fini_array_start = .)
 *(SORT_BY_NAME(.fini_array.*))
 *(.fini_array*)
 .fini_array    0x00000000080033f0        0x4 c:/st/stm32cubeide_1.5.1/stm32cubeide/plugins/com.st.stm32cube.ide.mcu.externaltools.gnu-tools-for-stm32.7-2018-q2-update.win32_1.5.0.202011040924/tools/bin/../lib/gcc/arm-none-eabi/7.3.1/thumb/v7-m/crtbegin.o
                [!provide]                        PROVIDE (__fini_array_end = .)
                0x00000000080033f4                . = ALIGN (0x4)
                0x00000000080033f4                _sidata = LOADADDR (.data)

.data           0x0000000020000000        0xc load address 0x00000000080033f4
                0x0000000020000000                . = ALIGN (0x4)
                0x0000000020000000                _sdata = .
 *(.data)
 *(.data*)
 .data.SystemCoreClock
                0x0000000020000000        0x4 Core/Src/system_stm32f1xx.o
                0x0000000020000000                SystemCoreClock
 .data.uwTickPrio
                0x0000000020000004        0x4 Drivers/STM32F1xx_HAL_Driver/Src/stm32f1xx_hal.o
                0x0000000020000004                uwTickPrio
 .data.uwTickFreq
                0x0000000020000008        0x1 Drivers/STM32F1xx_HAL_Driver/Src/stm32f1xx_hal.o
                0x0000000020000008                uwTickFreq
 *(.RamFunc)
 *(.RamFunc*)
                0x000000002000000c                . = ALIGN (0x4)
 *fill*         0x0000000020000009        0x3 
                0x000000002000000c                _edata = .

.igot.plt       0x000000002000000c        0x0 load address 0x0000000008003400
 .igot.plt      0x000000002000000c        0x0 c:/st/stm32cubeide_1.5.1/stm32cubeide/plugins/com.st.stm32cube.ide.mcu.externaltools.gnu-tools-for-stm32.7-2018-q2-update.win32_1.5.0.202011040924/tools/bin/../lib/gcc/arm-none-eabi/7.3.1/thumb/v7-m/crtbegin.o
                0x000000002000000c                . = ALIGN (0x4)

.bss            0x000000002000000c       0x78 load address 0x0000000008003400
                0x000000002000000c                _sbss = .
                0x000000002000000c                __bss_start__ = _sbss
 *(.bss)
 .bss           0x000000002000000c       0x1c c:/st/stm32cubeide_1.5.1/stm32cubeide/plugins/com.st.stm32cube.ide.mcu.externaltools.gnu-tools-for-stm32.7-2018-q2-update.win32_1.5.0.202011040924/tools/bin/../lib/gcc/arm-none-eabi/7.3.1/thumb/v7-m/crtbegin.o
 *(.bss*)
 *(COMMON)
 COMMON         0x0000000020000028       0x58 Core/Src/main.o
                0x0000000020000028                hspi1
 COMMON         0x0000000020000080        0x4 Drivers/STM32F1xx_HAL_Driver/Src/stm32f1xx_hal.o
                0x0000000020000080                uwTick
                0x0000000020000084                . = ALIGN (0x4)
                0x0000000020000084                _ebss = .
                0x0000000020000084                __bss_end__ = _ebss

._user_heap_stack
                0x0000000020000084      0x604 load address 0x0000000008003400
                0x0000000020000088                . = ALIGN (0x8)
 *fill*         0x0000000020000084        0x4 
                [!provide]                        PROVIDE (end = .)
                0x0000000020000088                PROVIDE (_end = .)
                0x0000000020000288                . = (. + _Min_Heap_Size)
 *fill*         0x0000000020000088      0x200 
                0x0000000020000688                . = (. + _Min_Stack_Size)
 *fill*         0x0000000020000288      0x400 
                0x0000000020000688                . = ALIGN (0x8)

/DISCARD/
 libc.a(*)
 libm.a(*)
 libgcc.a(*)

.ARM.attributes
                0x0000000000000000       0x29
 *(.ARM.attributes)
 .ARM.attributes
                0x0000000000000000       0x1d c:/st/stm32cubeide_1.5.1/stm32cubeide/plugins/com.st.stm32cube.ide.mcu.externaltools.gnu-tools-for-stm32.7-2018-q2-update.win32_1.5.0.202011040924/tools/bin/../lib/gcc/arm-none-eabi/7.3.1/thumb/v7-m/crti.o
 .ARM.attributes
                0x000000000000001d       0x2d c:/st/stm32cubeide_1.5.1/stm32cubeide/plugins/com.st.stm32cube.ide.mcu.externaltools.gnu-tools-for-stm32.7-2018-q2-update.win32_1.5.0.202011040924/tools/bin/../lib/gcc/arm-none-eabi/7.3.1/thumb/v7-m/crtbegin.o
 .ARM.attributes
                0x000000000000004a       0x33 Core/Src/ST7735/st7735.o
 .ARM.attributes
                0x000000000000007d       0x33 Core/Src/main.o
 .ARM.attributes
                0x00000000000000b0       0x33 Core/Src/stm32f1xx_hal_msp.o
 .ARM.attributes
                0x00000000000000e3       0x33 Core/Src/stm32f1xx_it.o
 .ARM.attributes
                0x0000000000000116       0x33 Core/Src/system_stm32f1xx.o
 .ARM.attributes
                0x0000000000000149       0x21 Core/Startup/startup_stm32f103c8tx.o
 .ARM.attributes
                0x000000000000016a       0x33 Drivers/STM32F1xx_HAL_Driver/Src/stm32f1xx_hal.o
 .ARM.attributes
                0x000000000000019d       0x33 Drivers/STM32F1xx_HAL_Driver/Src/stm32f1xx_hal_cortex.o
 .ARM.attributes
                0x00000000000001d0       0x33 Drivers/STM32F1xx_HAL_Driver/Src/stm32f1xx_hal_gpio.o
 .ARM.attributes
                0x0000000000000203       0x33 Drivers/STM32F1xx_HAL_Driver/Src/stm32f1xx_hal_rcc.o
 .ARM.attributes
                0x0000000000000236       0x33 Drivers/STM32F1xx_HAL_Driver/Src/stm32f1xx_hal_spi.o
 .ARM.attributes
                0x0000000000000269       0x2d c:/st/stm32cubeide_1.5.1/stm32cubeide/plugins/com.st.stm32cube.ide.mcu.externaltools.gnu-tools-for-stm32.7-2018-q2-update.win32_1.5.0.202011040924/tools/bin/../lib/gcc/arm-none-eabi/7.3.1/../../../../arm-none-eabi/lib/thumb/v7-m\libc_nano.a(lib_a-init.o)
 .ARM.attributes
                0x0000000000000296       0x2d c:/st/stm32cubeide_1.5.1/stm32cubeide/plugins/com.st.stm32cube.ide.mcu.externaltools.gnu-tools-for-stm32.7-2018-q2-update.win32_1.5.0.202011040924/tools/bin/../lib/gcc/arm-none-eabi/7.3.1/../../../../arm-none-eabi/lib/thumb/v7-m\libc_nano.a(lib_a-memset.o)
 .ARM.attributes
                0x00000000000002c3       0x1d c:/st/stm32cubeide_1.5.1/stm32cubeide/plugins/com.st.stm32cube.ide.mcu.externaltools.gnu-tools-for-stm32.7-2018-q2-update.win32_1.5.0.202011040924/tools/bin/../lib/gcc/arm-none-eabi/7.3.1/thumb/v7-m/crtn.o
OUTPUT(IconeMonteEverest.elf elf32-littlearm)

.debug_info     0x0000000000000000     0x6c40
 .debug_info    0x0000000000000000     0x1626 Core/Src/ST7735/st7735.o
 .debug_info    0x0000000000001626     0x1232 Core/Src/main.o
 .debug_info    0x0000000000002858      0x892 Core/Src/stm32f1xx_hal_msp.o
 .debug_info    0x00000000000030ea      0x20a Core/Src/stm32f1xx_it.o
 .debug_info    0x00000000000032f4      0x29a Core/Src/system_stm32f1xx.o
 .debug_info    0x000000000000358e       0x22 Core/Startup/startup_stm32f103c8tx.o
 .debug_info    0x00000000000035b0      0x714 Drivers/STM32F1xx_HAL_Driver/Src/stm32f1xx_hal.o
 .debug_info    0x0000000000003cc4      0xb51 Drivers/STM32F1xx_HAL_Driver/Src/stm32f1xx_hal_cortex.o
 .debug_info    0x0000000000004815      0x69b Drivers/STM32F1xx_HAL_Driver/Src/stm32f1xx_hal_gpio.o
 .debug_info    0x0000000000004eb0      0x80f Drivers/STM32F1xx_HAL_Driver/Src/stm32f1xx_hal_rcc.o
 .debug_info    0x00000000000056bf     0x1581 Drivers/STM32F1xx_HAL_Driver/Src/stm32f1xx_hal_spi.o

.debug_abbrev   0x0000000000000000     0x13b5
 .debug_abbrev  0x0000000000000000      0x2d2 Core/Src/ST7735/st7735.o
 .debug_abbrev  0x00000000000002d2      0x26c Core/Src/main.o
 .debug_abbrev  0x000000000000053e      0x18c Core/Src/stm32f1xx_hal_msp.o
 .debug_abbrev  0x00000000000006ca       0xc6 Core/Src/stm32f1xx_it.o
 .debug_abbrev  0x0000000000000790      0x134 Core/Src/system_stm32f1xx.o
 .debug_abbrev  0x00000000000008c4       0x12 Core/Startup/startup_stm32f103c8tx.o
 .debug_abbrev  0x00000000000008d6      0x1c7 Drivers/STM32F1xx_HAL_Driver/Src/stm32f1xx_hal.o
 .debug_abbrev  0x0000000000000a9d      0x2d5 Drivers/STM32F1xx_HAL_Driver/Src/stm32f1xx_hal_cortex.o
 .debug_abbrev  0x0000000000000d72      0x1c0 Drivers/STM32F1xx_HAL_Driver/Src/stm32f1xx_hal_gpio.o
 .debug_abbrev  0x0000000000000f32      0x243 Drivers/STM32F1xx_HAL_Driver/Src/stm32f1xx_hal_rcc.o
 .debug_abbrev  0x0000000000001175      0x240 Drivers/STM32F1xx_HAL_Driver/Src/stm32f1xx_hal_spi.o

.debug_aranges  0x0000000000000000      0x678
 .debug_aranges
                0x0000000000000000       0xc0 Core/Src/ST7735/st7735.o
 .debug_aranges
                0x00000000000000c0       0x40 Core/Src/main.o
 .debug_aranges
                0x0000000000000100       0x30 Core/Src/stm32f1xx_hal_msp.o
 .debug_aranges
                0x0000000000000130       0x60 Core/Src/stm32f1xx_it.o
 .debug_aranges
                0x0000000000000190       0x28 Core/Src/system_stm32f1xx.o
 .debug_aranges
                0x00000000000001b8       0x28 Core/Startup/startup_stm32f103c8tx.o
 .debug_aranges
                0x00000000000001e0       0xe0 Drivers/STM32F1xx_HAL_Driver/Src/stm32f1xx_hal.o
 .debug_aranges
                0x00000000000002c0      0x100 Drivers/STM32F1xx_HAL_Driver/Src/stm32f1xx_hal_cortex.o
 .debug_aranges
                0x00000000000003c0       0x58 Drivers/STM32F1xx_HAL_Driver/Src/stm32f1xx_hal_gpio.o
 .debug_aranges
                0x0000000000000418       0x90 Drivers/STM32F1xx_HAL_Driver/Src/stm32f1xx_hal_rcc.o
 .debug_aranges
                0x00000000000004a8      0x1d0 Drivers/STM32F1xx_HAL_Driver/Src/stm32f1xx_hal_spi.o

.debug_ranges   0x0000000000000000      0x5d0
 .debug_ranges  0x0000000000000000       0xb0 Core/Src/ST7735/st7735.o
 .debug_ranges  0x00000000000000b0       0x30 Core/Src/main.o
 .debug_ranges  0x00000000000000e0       0x20 Core/Src/stm32f1xx_hal_msp.o
 .debug_ranges  0x0000000000000100       0x50 Core/Src/stm32f1xx_it.o
 .debug_ranges  0x0000000000000150       0x18 Core/Src/system_stm32f1xx.o
 .debug_ranges  0x0000000000000168       0x20 Core/Startup/startup_stm32f103c8tx.o
 .debug_ranges  0x0000000000000188       0xd0 Drivers/STM32F1xx_HAL_Driver/Src/stm32f1xx_hal.o
 .debug_ranges  0x0000000000000258       0xf0 Drivers/STM32F1xx_HAL_Driver/Src/stm32f1xx_hal_cortex.o
 .debug_ranges  0x0000000000000348       0x48 Drivers/STM32F1xx_HAL_Driver/Src/stm32f1xx_hal_gpio.o
 .debug_ranges  0x0000000000000390       0x80 Drivers/STM32F1xx_HAL_Driver/Src/stm32f1xx_hal_rcc.o
 .debug_ranges  0x0000000000000410      0x1c0 Drivers/STM32F1xx_HAL_Driver/Src/stm32f1xx_hal_spi.o

.debug_macro    0x0000000000000000    0x15f19
 .debug_macro   0x0000000000000000      0x2ae Core/Src/ST7735/st7735.o
 .debug_macro   0x00000000000002ae      0x215 Core/Src/ST7735/st7735.o
 .debug_macro   0x00000000000004c3       0x2e Core/Src/ST7735/st7735.o
 .debug_macro   0x00000000000004f1       0x22 Core/Src/ST7735/st7735.o
 .debug_macro   0x0000000000000513       0x1c Core/Src/ST7735/st7735.o
 .debug_macro   0x000000000000052f       0x22 Core/Src/ST7735/st7735.o
 .debug_macro   0x0000000000000551       0xc3 Core/Src/ST7735/st7735.o
 .debug_macro   0x0000000000000614      0xd23 Core/Src/ST7735/st7735.o
 .debug_macro   0x0000000000001337     0xe09e Core/Src/ST7735/st7735.o
 .debug_macro   0x000000000000f3d5       0x6d Core/Src/ST7735/st7735.o
 .debug_macro   0x000000000000f442     0x3468 Core/Src/ST7735/st7735.o
 .debug_macro   0x00000000000128aa      0x174 Core/Src/ST7735/st7735.o
 .debug_macro   0x0000000000012a1e       0x5c Core/Src/ST7735/st7735.o
 .debug_macro   0x0000000000012a7a      0x5be Core/Src/ST7735/st7735.o
 .debug_macro   0x0000000000013038      0x289 Core/Src/ST7735/st7735.o
 .debug_macro   0x00000000000132c1      0x1cb Core/Src/ST7735/st7735.o
 .debug_macro   0x000000000001348c      0x114 Core/Src/ST7735/st7735.o
 .debug_macro   0x00000000000135a0      0x1b2 Core/Src/ST7735/st7735.o
 .debug_macro   0x0000000000013752       0x27 Core/Src/ST7735/st7735.o
 .debug_macro   0x0000000000013779      0x136 Core/Src/ST7735/st7735.o
 .debug_macro   0x00000000000138af      0x1bc Core/Src/ST7735/st7735.o
 .debug_macro   0x0000000000013a6b       0x34 Core/Src/ST7735/st7735.o
 .debug_macro   0x0000000000013a9f       0x3c Core/Src/ST7735/st7735.o
 .debug_macro   0x0000000000013adb       0x57 Core/Src/ST7735/st7735.o
 .debug_macro   0x0000000000013b32       0x88 Core/Src/ST7735/st7735.o
 .debug_macro   0x0000000000013bba      0x241 Core/Src/ST7735/st7735.o
 .debug_macro   0x0000000000013dfb      0x141 Core/Src/ST7735/st7735.o
 .debug_macro   0x0000000000013f3c      0x217 Core/Src/ST7735/st7735.o
 .debug_macro   0x0000000000014153       0x83 Core/Src/ST7735/st7735.o
 .debug_macro   0x00000000000141d6       0x28 Core/Src/ST7735/st7735.o
 .debug_macro   0x00000000000141fe       0x22 Core/Src/ST7735/st7735.o
 .debug_macro   0x0000000000014220      0x1ae Core/Src/ST7735/st7735.o
 .debug_macro   0x00000000000143ce       0x46 Core/Src/ST7735/st7735.o
 .debug_macro   0x0000000000014414       0x18 Core/Src/ST7735/st7735.o
 .debug_macro   0x000000000001442c       0x3c Core/Src/ST7735/st7735.o
 .debug_macro   0x0000000000014468       0x34 Core/Src/ST7735/st7735.o
 .debug_macro   0x000000000001449c       0x52 Core/Src/ST7735/st7735.o
 .debug_macro   0x00000000000144ee       0x1f Core/Src/ST7735/st7735.o
 .debug_macro   0x000000000001450d       0x43 Core/Src/ST7735/st7735.o
 .debug_macro   0x0000000000014550       0x20 Core/Src/ST7735/st7735.o
 .debug_macro   0x0000000000014570      0x1a3 Core/Src/ST7735/st7735.o
 .debug_macro   0x0000000000014713       0x35 Core/Src/ST7735/st7735.o
 .debug_macro   0x0000000000014748       0x3c Core/Src/ST7735/st7735.o
 .debug_macro   0x0000000000014784      0x32a Core/Src/ST7735/st7735.o
 .debug_macro   0x0000000000014aae       0x10 Core/Src/ST7735/st7735.o
 .debug_macro   0x0000000000014abe       0x20 Core/Src/ST7735/st7735.o
 .debug_macro   0x0000000000014ade      0x33b Core/Src/main.o
 .debug_macro   0x0000000000014e19       0x16 Core/Src/main.o
 .debug_macro   0x0000000000014e2f       0x10 Core/Src/main.o
 .debug_macro   0x0000000000014e3f       0x10 Core/Src/main.o
 .debug_macro   0x0000000000014e4f       0x1c Core/Src/main.o
 .debug_macro   0x0000000000014e6b       0x52 Core/Src/main.o
 .debug_macro   0x0000000000014ebd       0x40 Core/Src/main.o
 .debug_macro   0x0000000000014efd       0x10 Core/Src/main.o
 .debug_macro   0x0000000000014f0d       0x40 Core/Src/main.o
 .debug_macro   0x0000000000014f4d       0xd7 Core/Src/main.o
 .debug_macro   0x0000000000015024       0x1c Core/Src/main.o
 .debug_macro   0x0000000000015040       0x3d Core/Src/main.o
 .debug_macro   0x000000000001507d       0x16 Core/Src/main.o
 .debug_macro   0x0000000000015093      0x145 Core/Src/main.o
 .debug_macro   0x00000000000151d8      0x19d Core/Src/stm32f1xx_hal_msp.o
 .debug_macro   0x0000000000015375      0x1a7 Core/Src/stm32f1xx_it.o
 .debug_macro   0x000000000001551c      0x18e Core/Src/system_stm32f1xx.o
 .debug_macro   0x00000000000156aa      0x1b2 Drivers/STM32F1xx_HAL_Driver/Src/stm32f1xx_hal.o
 .debug_macro   0x000000000001585c      0x18e Drivers/STM32F1xx_HAL_Driver/Src/stm32f1xx_hal_cortex.o
 .debug_macro   0x00000000000159ea      0x1f9 Drivers/STM32F1xx_HAL_Driver/Src/stm32f1xx_hal_gpio.o
 .debug_macro   0x0000000000015be3      0x1a0 Drivers/STM32F1xx_HAL_Driver/Src/stm32f1xx_hal_rcc.o
 .debug_macro   0x0000000000015d83      0x196 Drivers/STM32F1xx_HAL_Driver/Src/stm32f1xx_hal_spi.o

.debug_line     0x0000000000000000     0x5ab2
 .debug_line    0x0000000000000000      0xb4d Core/Src/ST7735/st7735.o
 .debug_line    0x0000000000000b4d      0x8ef Core/Src/main.o
 .debug_line    0x000000000000143c      0x673 Core/Src/stm32f1xx_hal_msp.o
 .debug_line    0x0000000000001aaf      0x6ed Core/Src/stm32f1xx_it.o
 .debug_line    0x000000000000219c      0x66d Core/Src/system_stm32f1xx.o
 .debug_line    0x0000000000002809       0x87 Core/Startup/startup_stm32f103c8tx.o
 .debug_line    0x0000000000002890      0x820 Drivers/STM32F1xx_HAL_Driver/Src/stm32f1xx_hal.o
 .debug_line    0x00000000000030b0      0x8f7 Drivers/STM32F1xx_HAL_Driver/Src/stm32f1xx_hal_cortex.o
 .debug_line    0x00000000000039a7      0x81c Drivers/STM32F1xx_HAL_Driver/Src/stm32f1xx_hal_gpio.o
 .debug_line    0x00000000000041c3      0x8e0 Drivers/STM32F1xx_HAL_Driver/Src/stm32f1xx_hal_rcc.o
 .debug_line    0x0000000000004aa3     0x100f Drivers/STM32F1xx_HAL_Driver/Src/stm32f1xx_hal_spi.o

.debug_str      0x0000000000000000    0x820c8
 .debug_str     0x0000000000000000    0x7f7d0 Core/Src/ST7735/st7735.o
                                      0x7fbf8 (size before relaxing)
 .debug_str     0x000000000007f7d0     0x1413 Core/Src/main.o
                                      0x80c98 (size before relaxing)
 .debug_str     0x0000000000080be3       0x81 Core/Src/stm32f1xx_hal_msp.o
                                      0x7c4be (size before relaxing)
 .debug_str     0x0000000000080c64       0xbd Core/Src/stm32f1xx_it.o
                                      0x7c0b0 (size before relaxing)
 .debug_str     0x0000000000080d21       0x52 Core/Src/system_stm32f1xx.o
                                      0x7bfe5 (size before relaxing)
 .debug_str     0x0000000000080d73       0x36 Core/Startup/startup_stm32f103c8tx.o
                                         0x84 (size before relaxing)
 .debug_str     0x0000000000080da9      0x55e Drivers/STM32F1xx_HAL_Driver/Src/stm32f1xx_hal.o
                                      0x7c676 (size before relaxing)
 .debug_str     0x0000000000081307      0x300 Drivers/STM32F1xx_HAL_Driver/Src/stm32f1xx_hal_cortex.o
                                      0x7c67e (size before relaxing)
 .debug_str     0x0000000000081607      0x324 Drivers/STM32F1xx_HAL_Driver/Src/stm32f1xx_hal_gpio.o
                                      0x7c3a9 (size before relaxing)
 .debug_str     0x000000000008192b      0x24f Drivers/STM32F1xx_HAL_Driver/Src/stm32f1xx_hal_rcc.o
                                      0x7c3e2 (size before relaxing)
 .debug_str     0x0000000000081b7a      0x54e Drivers/STM32F1xx_HAL_Driver/Src/stm32f1xx_hal_spi.o
                                      0x7c8f1 (size before relaxing)

.comment        0x0000000000000000       0x7b
 .comment       0x0000000000000000       0x7b Core/Src/ST7735/st7735.o
                                         0x7c (size before relaxing)
 .comment       0x000000000000007b       0x7c Core/Src/main.o
 .comment       0x000000000000007b       0x7c Core/Src/stm32f1xx_hal_msp.o
 .comment       0x000000000000007b       0x7c Core/Src/stm32f1xx_it.o
 .comment       0x000000000000007b       0x7c Core/Src/system_stm32f1xx.o
 .comment       0x000000000000007b       0x7c Drivers/STM32F1xx_HAL_Driver/Src/stm32f1xx_hal.o
 .comment       0x000000000000007b       0x7c Drivers/STM32F1xx_HAL_Driver/Src/stm32f1xx_hal_cortex.o
 .comment       0x000000000000007b       0x7c Drivers/STM32F1xx_HAL_Driver/Src/stm32f1xx_hal_gpio.o
 .comment       0x000000000000007b       0x7c Drivers/STM32F1xx_HAL_Driver/Src/stm32f1xx_hal_rcc.o
 .comment       0x000000000000007b       0x7c Drivers/STM32F1xx_HAL_Driver/Src/stm32f1xx_hal_spi.o

.debug_frame    0x0000000000000000     0x18d4
 .debug_frame   0x0000000000000000      0x318 Core/Src/ST7735/st7735.o
 .debug_frame   0x0000000000000318       0xac Core/Src/main.o
 .debug_frame   0x00000000000003c4       0x80 Core/Src/stm32f1xx_hal_msp.o
 .debug_frame   0x0000000000000444      0x104 Core/Src/stm32f1xx_it.o
 .debug_frame   0x0000000000000548       0x58 Core/Src/system_stm32f1xx.o
 .debug_frame   0x00000000000005a0      0x334 Drivers/STM32F1xx_HAL_Driver/Src/stm32f1xx_hal.o
 .debug_frame   0x00000000000008d4      0x428 Drivers/STM32F1xx_HAL_Driver/Src/stm32f1xx_hal_cortex.o
 .debug_frame   0x0000000000000cfc      0x14c Drivers/STM32F1xx_HAL_Driver/Src/stm32f1xx_hal_gpio.o
 .debug_frame   0x0000000000000e48      0x21c Drivers/STM32F1xx_HAL_Driver/Src/stm32f1xx_hal_rcc.o
 .debug_frame   0x0000000000001064      0x824 Drivers/STM32F1xx_HAL_Driver/Src/stm32f1xx_hal_spi.o
 .debug_frame   0x0000000000001888       0x2c c:/st/stm32cubeide_1.5.1/stm32cubeide/plugins/com.st.stm32cube.ide.mcu.externaltools.gnu-tools-for-stm32.7-2018-q2-update.win32_1.5.0.202011040924/tools/bin/../lib/gcc/arm-none-eabi/7.3.1/../../../../arm-none-eabi/lib/thumb/v7-m\libc_nano.a(lib_a-init.o)
 .debug_frame   0x00000000000018b4       0x20 c:/st/stm32cubeide_1.5.1/stm32cubeide/plugins/com.st.stm32cube.ide.mcu.externaltools.gnu-tools-for-stm32.7-2018-q2-update.win32_1.5.0.202011040924/tools/bin/../lib/gcc/arm-none-eabi/7.3.1/../../../../arm-none-eabi/lib/thumb/v7-m\libc_nano.a(lib_a-memset.o)
