Archive member included to satisfy reference by file (symbol)

c:/st/stm32cubeide_1.5.1/stm32cubeide/plugins/com.st.stm32cube.ide.mcu.externaltools.gnu-tools-for-stm32.7-2018-q2-update.win32_1.5.0.202011040924/tools/bin/../lib/gcc/arm-none-eabi/7.3.1/../../../../arm-none-eabi/lib/thumb/v7-m\libc_nano.a(lib_a-errno.o)
                              Core/Src/syscalls.o (__errno)
c:/st/stm32cubeide_1.5.1/stm32cubeide/plugins/com.st.stm32cube.ide.mcu.externaltools.gnu-tools-for-stm32.7-2018-q2-update.win32_1.5.0.202011040924/tools/bin/../lib/gcc/arm-none-eabi/7.3.1/../../../../arm-none-eabi/lib/thumb/v7-m\libc_nano.a(lib_a-exit.o)
                              c:/st/stm32cubeide_1.5.1/stm32cubeide/plugins/com.st.stm32cube.ide.mcu.externaltools.gnu-tools-for-stm32.7-2018-q2-update.win32_1.5.0.202011040924/tools/bin/../lib/gcc/arm-none-eabi/7.3.1/../../../../arm-none-eabi/lib/thumb/v7-m/crt0.o (exit)
c:/st/stm32cubeide_1.5.1/stm32cubeide/plugins/com.st.stm32cube.ide.mcu.externaltools.gnu-tools-for-stm32.7-2018-q2-update.win32_1.5.0.202011040924/tools/bin/../lib/gcc/arm-none-eabi/7.3.1/../../../../arm-none-eabi/lib/thumb/v7-m\libc_nano.a(lib_a-impure.o)
                              c:/st/stm32cubeide_1.5.1/stm32cubeide/plugins/com.st.stm32cube.ide.mcu.externaltools.gnu-tools-for-stm32.7-2018-q2-update.win32_1.5.0.202011040924/tools/bin/../lib/gcc/arm-none-eabi/7.3.1/../../../../arm-none-eabi/lib/thumb/v7-m\libc_nano.a(lib_a-exit.o) (_global_impure_ptr)
c:/st/stm32cubeide_1.5.1/stm32cubeide/plugins/com.st.stm32cube.ide.mcu.externaltools.gnu-tools-for-stm32.7-2018-q2-update.win32_1.5.0.202011040924/tools/bin/../lib/gcc/arm-none-eabi/7.3.1/../../../../arm-none-eabi/lib/thumb/v7-m\libc_nano.a(lib_a-init.o)
                              c:/st/stm32cubeide_1.5.1/stm32cubeide/plugins/com.st.stm32cube.ide.mcu.externaltools.gnu-tools-for-stm32.7-2018-q2-update.win32_1.5.0.202011040924/tools/bin/../lib/gcc/arm-none-eabi/7.3.1/../../../../arm-none-eabi/lib/thumb/v7-m/crt0.o (__libc_init_array)
c:/st/stm32cubeide_1.5.1/stm32cubeide/plugins/com.st.stm32cube.ide.mcu.externaltools.gnu-tools-for-stm32.7-2018-q2-update.win32_1.5.0.202011040924/tools/bin/../lib/gcc/arm-none-eabi/7.3.1/../../../../arm-none-eabi/lib/thumb/v7-m\libc_nano.a(lib_a-memcpy-stub.o)
                              Middlewares/Third_Party/FreeRTOS/Source/CMSIS_RTOS_V2/cmsis_os2.o (memcpy)
c:/st/stm32cubeide_1.5.1/stm32cubeide/plugins/com.st.stm32cube.ide.mcu.externaltools.gnu-tools-for-stm32.7-2018-q2-update.win32_1.5.0.202011040924/tools/bin/../lib/gcc/arm-none-eabi/7.3.1/../../../../arm-none-eabi/lib/thumb/v7-m\libc_nano.a(lib_a-memset.o)
                              c:/st/stm32cubeide_1.5.1/stm32cubeide/plugins/com.st.stm32cube.ide.mcu.externaltools.gnu-tools-for-stm32.7-2018-q2-update.win32_1.5.0.202011040924/tools/bin/../lib/gcc/arm-none-eabi/7.3.1/../../../../arm-none-eabi/lib/thumb/v7-m/crt0.o (memset)

Allocating common symbols
Common symbol       size              file

defaultTaskHandle   0x4               Core/Src/main.o
uwTick              0x4               Drivers/STM32F1xx_HAL_Driver/Src/stm32f1xx_hal.o
xQueueRegistry      0x40              Middlewares/Third_Party/FreeRTOS/Source/queue.o
pFlash              0x20              Drivers/STM32F1xx_HAL_Driver/Src/stm32f1xx_hal_flash.o
myTask02Handle      0x4               Core/Src/main.o
myTask03Handle      0x4               Core/Src/main.o

Discarded input sections

 .text          0x0000000000000000        0x0 c:/st/stm32cubeide_1.5.1/stm32cubeide/plugins/com.st.stm32cube.ide.mcu.externaltools.gnu-tools-for-stm32.7-2018-q2-update.win32_1.5.0.202011040924/tools/bin/../lib/gcc/arm-none-eabi/7.3.1/thumb/v7-m/crti.o
 .data          0x0000000000000000        0x0 c:/st/stm32cubeide_1.5.1/stm32cubeide/plugins/com.st.stm32cube.ide.mcu.externaltools.gnu-tools-for-stm32.7-2018-q2-update.win32_1.5.0.202011040924/tools/bin/../lib/gcc/arm-none-eabi/7.3.1/thumb/v7-m/crti.o
 .bss           0x0000000000000000        0x0 c:/st/stm32cubeide_1.5.1/stm32cubeide/plugins/com.st.stm32cube.ide.mcu.externaltools.gnu-tools-for-stm32.7-2018-q2-update.win32_1.5.0.202011040924/tools/bin/../lib/gcc/arm-none-eabi/7.3.1/thumb/v7-m/crti.o
 .data          0x0000000000000000        0x4 c:/st/stm32cubeide_1.5.1/stm32cubeide/plugins/com.st.stm32cube.ide.mcu.externaltools.gnu-tools-for-stm32.7-2018-q2-update.win32_1.5.0.202011040924/tools/bin/../lib/gcc/arm-none-eabi/7.3.1/thumb/v7-m/crtbegin.o
 .text          0x0000000000000000       0x74 c:/st/stm32cubeide_1.5.1/stm32cubeide/plugins/com.st.stm32cube.ide.mcu.externaltools.gnu-tools-for-stm32.7-2018-q2-update.win32_1.5.0.202011040924/tools/bin/../lib/gcc/arm-none-eabi/7.3.1/../../../../arm-none-eabi/lib/thumb/v7-m/crt0.o
[...]
Memory Configuration

Name             Origin             Length             Attributes
RAM              0x0000000020000000 0x0000000000005000 xrw
FLASH            0x0000000008000000 0x0000000000010000 xr
*default*        0x0000000000000000 0xffffffffffffffff

Linker script and memory map

LOAD c:/st/stm32cubeide_1.5.1/stm32cubeide/plugins/com.st.stm32cube.ide.mcu.externaltools.gnu-tools-for-stm32.7-2018-q2-update.win32_1.5.0.202011040924/tools/bin/../lib/gcc/arm-none-eabi/7.3.1/thumb/v7-m/crti.o
LOAD c:/st/stm32cubeide_1.5.1/stm32cubeide/plugins/com.st.stm32cube.ide.mcu.externaltools.gnu-tools-for-stm32.7-2018-q2-update.win32_1.5.0.202011040924/tools/bin/../lib/gcc/arm-none-eabi/7.3.1/thumb/v7-m/crtbegin.o
LOAD c:/st/stm32cubeide_1.5.1/stm32cubeide/plugins/com.st.stm32cube.ide.mcu.externaltools.gnu-tools-for-stm32.7-2018-q2-update.win32_1.5.0.202011040924/tools/bin/../lib/gcc/arm-none-eabi/7.3.1/../../../../arm-none-eabi/lib/thumb/v7-m/crt0.o
LOAD Core/Src/freertos.o
LOAD Core/Src/main.o
LOAD Core/Src/stm32f1xx_hal_msp.o
LOAD Core/Src/stm32f1xx_it.o
LOAD Core/Src/syscalls.o
LOAD Core/Src/sysmem.o
LOAD Core/Src/system_stm32f1xx.o
LOAD Core/Startup/startup_stm32f103c8tx.o
LOAD Drivers/STM32F1xx_HAL_Driver/Src/stm32f1xx_hal.o
LOAD Drivers/STM32F1xx_HAL_Driver/Src/stm32f1xx_hal_cortex.o
LOAD Drivers/STM32F1xx_HAL_Driver/Src/stm32f1xx_hal_dma.o
LOAD Drivers/STM32F1xx_HAL_Driver/Src/stm32f1xx_hal_exti.o
LOAD Drivers/STM32F1xx_HAL_Driver/Src/stm32f1xx_hal_flash.o
LOAD Drivers/STM32F1xx_HAL_Driver/Src/stm32f1xx_hal_flash_ex.o
LOAD Drivers/STM32F1xx_HAL_Driver/Src/stm32f1xx_hal_gpio.o
LOAD Drivers/STM32F1xx_HAL_Driver/Src/stm32f1xx_hal_gpio_ex.o
LOAD Drivers/STM32F1xx_HAL_Driver/Src/stm32f1xx_hal_pwr.o
LOAD Drivers/STM32F1xx_HAL_Driver/Src/stm32f1xx_hal_rcc.o
LOAD Drivers/STM32F1xx_HAL_Driver/Src/stm32f1xx_hal_rcc_ex.o
LOAD Drivers/STM32F1xx_HAL_Driver/Src/stm32f1xx_hal_tim.o
LOAD Drivers/STM32F1xx_HAL_Driver/Src/stm32f1xx_hal_tim_ex.o
LOAD Middlewares/Third_Party/FreeRTOS/Source/CMSIS_RTOS_V2/cmsis_os2.o
LOAD Middlewares/Third_Party/FreeRTOS/Source/croutine.o
LOAD Middlewares/Third_Party/FreeRTOS/Source/event_groups.o
LOAD Middlewares/Third_Party/FreeRTOS/Source/list.o
LOAD Middlewares/Third_Party/FreeRTOS/Source/queue.o
LOAD Middlewares/Third_Party/FreeRTOS/Source/stream_buffer.o
LOAD Middlewares/Third_Party/FreeRTOS/Source/tasks.o
LOAD Middlewares/Third_Party/FreeRTOS/Source/timers.o
LOAD Middlewares/Third_Party/FreeRTOS/Source/portable/GCC/ARM_CM3/port.o
LOAD Middlewares/Third_Party/FreeRTOS/Source/portable/MemMang/heap_4.o
START GROUP
LOAD c:/st/stm32cubeide_1.5.1/stm32cubeide/plugins/com.st.stm32cube.ide.mcu.externaltools.gnu-tools-for-stm32.7-2018-q2-update.win32_1.5.0.202011040924/tools/bin/../lib/gcc/arm-none-eabi/7.3.1/../../../../arm-none-eabi/lib/thumb/v7-m\libc_nano.a
LOAD c:/st/stm32cubeide_1.5.1/stm32cubeide/plugins/com.st.stm32cube.ide.mcu.externaltools.gnu-tools-for-stm32.7-2018-q2-update.win32_1.5.0.202011040924/tools/bin/../lib/gcc/arm-none-eabi/7.3.1/../../../../arm-none-eabi/lib/thumb/v7-m\libm.a
END GROUP
START GROUP
LOAD c:/st/stm32cubeide_1.5.1/stm32cubeide/plugins/com.st.stm32cube.ide.mcu.externaltools.gnu-tools-for-stm32.7-2018-q2-update.win32_1.5.0.202011040924/tools/bin/../lib/gcc/arm-none-eabi/7.3.1/thumb/v7-m\libgcc.a
LOAD c:/st/stm32cubeide_1.5.1/stm32cubeide/plugins/com.st.stm32cube.ide.mcu.externaltools.gnu-tools-for-stm32.7-2018-q2-update.win32_1.5.0.202011040924/tools/bin/../lib/gcc/arm-none-eabi/7.3.1/../../../../arm-none-eabi/lib/thumb/v7-m\libc_nano.a
END GROUP
START GROUP
LOAD c:/st/stm32cubeide_1.5.1/stm32cubeide/plugins/com.st.stm32cube.ide.mcu.externaltools.gnu-tools-for-stm32.7-2018-q2-update.win32_1.5.0.202011040924/tools/bin/../lib/gcc/arm-none-eabi/7.3.1/thumb/v7-m\libgcc.a
LOAD c:/st/stm32cubeide_1.5.1/stm32cubeide/plugins/com.st.stm32cube.ide.mcu.externaltools.gnu-tools-for-stm32.7-2018-q2-update.win32_1.5.0.202011040924/tools/bin/../lib/gcc/arm-none-eabi/7.3.1/../../../../arm-none-eabi/lib/thumb/v7-m\libc_nano.a
LOAD c:/st/stm32cubeide_1.5.1/stm32cubeide/plugins/com.st.stm32cube.ide.mcu.externaltools.gnu-tools-for-stm32.7-2018-q2-update.win32_1.5.0.202011040924/tools/bin/../lib/gcc/arm-none-eabi/7.3.1/../../../../arm-none-eabi/lib/thumb/v7-m\libnosys.a
END GROUP
START GROUP
LOAD c:/st/stm32cubeide_1.5.1/stm32cubeide/plugins/com.st.stm32cube.ide.mcu.externaltools.gnu-tools-for-stm32.7-2018-q2-update.win32_1.5.0.202011040924/tools/bin/../lib/gcc/arm-none-eabi/7.3.1/thumb/v7-m\libgcc.a
LOAD c:/st/stm32cubeide_1.5.1/stm32cubeide/plugins/com.st.stm32cube.ide.mcu.externaltools.gnu-tools-for-stm32.7-2018-q2-update.win32_1.5.0.202011040924/tools/bin/../lib/gcc/arm-none-eabi/7.3.1/../../../../arm-none-eabi/lib/thumb/v7-m\libc_nano.a
LOAD c:/st/stm32cubeide_1.5.1/stm32cubeide/plugins/com.st.stm32cube.ide.mcu.externaltools.gnu-tools-for-stm32.7-2018-q2-update.win32_1.5.0.202011040924/tools/bin/../lib/gcc/arm-none-eabi/7.3.1/../../../../arm-none-eabi/lib/thumb/v7-m\libnosys.a
END GROUP
LOAD c:/st/stm32cubeide_1.5.1/stm32cubeide/plugins/com.st.stm32cube.ide.mcu.externaltools.gnu-tools-for-stm32.7-2018-q2-update.win32_1.5.0.202011040924/tools/bin/../lib/gcc/arm-none-eabi/7.3.1/thumb/v7-m/crtend.o
LOAD c:/st/stm32cubeide_1.5.1/stm32cubeide/plugins/com.st.stm32cube.ide.mcu.externaltools.gnu-tools-for-stm32.7-2018-q2-update.win32_1.5.0.202011040924/tools/bin/../lib/gcc/arm-none-eabi/7.3.1/thumb/v7-m/crtn.o
                0x0000000020005000                _estack = (ORIGIN (RAM) + LENGTH (RAM))
                0x0000000000000200                _Min_Heap_Size = 0x200
                0x0000000000000400                _Min_Stack_Size = 0x400

.isr_vector     0x0000000008000000      0x10c
                0x0000000008000000                . = ALIGN (0x4)
 *(.isr_vector)
 .isr_vector    0x0000000008000000      0x10c Core/Startup/startup_stm32f103c8tx.o
                0x0000000008000000                g_pfnVectors
                0x000000000800010c                . = ALIGN (0x4)

.text           0x0000000008000110     0x2b24
                0x0000000008000110                . = ALIGN (0x4)
 *(.text)
 .text          0x0000000008000110       0x40 c:/st/stm32cubeide_1.5.1/stm32cubeide/plugins/com.st.stm32cube.ide.mcu.externaltools.gnu-tools-for-stm32.7-2018-q2-update.win32_1.5.0.202011040924/tools/bin/../lib/gcc/arm-none-eabi/7.3.1/thumb/v7-m/crtbegin.o
 *(.text*)
 .text.StartDefaultTask
                0x0000000008000150       0x2c Core/Src/main.o
                0x0000000008000150                StartDefaultTask
 .text.StartTask03
                0x000000000800017c       0x74 Core/Src/main.o
                0x000000000800017c                StartTask03
 .text.StartTask02
                0x00000000080001f0       0x58 Core/Src/main.o
                0x00000000080001f0                StartTask02
 .text.SystemClock_Config
                0x0000000008000248       0x60 Core/Src/main.o
                0x0000000008000248                SystemClock_Config
 .text.startup.main
                0x00000000080002a8       0xd4 Core/Src/main.o
                0x00000000080002a8                main
 .text.HAL_MspInit
                0x000000000800037c       0x50 Core/Src/stm32f1xx_hal_msp.o
                0x000000000800037c                HAL_MspInit
 .text.NMI_Handler
                0x00000000080003cc        0x4 Core/Src/stm32f1xx_it.o
                0x00000000080003cc                NMI_Handler
 .text.HardFault_Handler
                0x00000000080003d0        0x4 Core/Src/stm32f1xx_it.o
                0x00000000080003d0                HardFault_Handler
 .text.MemManage_Handler
                0x00000000080003d4        0x4 Core/Src/stm32f1xx_it.o
                0x00000000080003d4                MemManage_Handler
 .text.BusFault_Handler
                0x00000000080003d8        0x4 Core/Src/stm32f1xx_it.o
                0x00000000080003d8                BusFault_Handler
 .text.UsageFault_Handler
                0x00000000080003dc        0x4 Core/Src/stm32f1xx_it.o
                0x00000000080003dc                UsageFault_Handler
 .text.DebugMon_Handler
                0x00000000080003e0        0x4 Core/Src/stm32f1xx_it.o
                0x00000000080003e0                DebugMon_Handler
 .text.SysTick_Handler
                0x00000000080003e4       0x18 Core/Src/stm32f1xx_it.o
                0x00000000080003e4                SysTick_Handler
 .text.SystemInit
                0x00000000080003fc        0x4 Core/Src/system_stm32f1xx.o
                0x00000000080003fc                SystemInit
 .text.Reset_Handler
                0x0000000008000400       0x48 Core/Startup/startup_stm32f103c8tx.o
                0x0000000008000400                Reset_Handler
 .text.Default_Handler
                0x0000000008000448        0x2 Core/Startup/startup_stm32f103c8tx.o
                0x0000000008000448                RTC_Alarm_IRQHandler
                0x0000000008000448                EXTI2_IRQHandler
                0x0000000008000448                TIM1_CC_IRQHandler
                0x0000000008000448                PVD_IRQHandler
                0x0000000008000448                EXTI3_IRQHandler
                0x0000000008000448                EXTI0_IRQHandler
                0x0000000008000448                I2C2_EV_IRQHandler
                0x0000000008000448                ADC1_2_IRQHandler
                0x0000000008000448                SPI1_IRQHandler
                0x0000000008000448                TAMPER_IRQHandler
                0x0000000008000448                DMA1_Channel4_IRQHandler
                0x0000000008000448                USART3_IRQHandler
                0x0000000008000448                RTC_IRQHandler
                0x0000000008000448                DMA1_Channel7_IRQHandler
                0x0000000008000448                CAN1_RX1_IRQHandler
                0x0000000008000448                TIM4_IRQHandler
                0x0000000008000448                I2C1_EV_IRQHandler
                0x0000000008000448                DMA1_Channel6_IRQHandler
                0x0000000008000448                TIM3_IRQHandler
                0x0000000008000448                RCC_IRQHandler
                0x0000000008000448                TIM1_TRG_COM_IRQHandler
                0x0000000008000448                DMA1_Channel1_IRQHandler
                0x0000000008000448                Default_Handler
                0x0000000008000448                EXTI15_10_IRQHandler
                0x0000000008000448                EXTI9_5_IRQHandler
                0x0000000008000448                SPI2_IRQHandler
                0x0000000008000448                DMA1_Channel5_IRQHandler
                0x0000000008000448                EXTI4_IRQHandler
                0x0000000008000448                USB_LP_CAN1_RX0_IRQHandler
                0x0000000008000448                USB_HP_CAN1_TX_IRQHandler
                0x0000000008000448                DMA1_Channel3_IRQHandler
                0x0000000008000448                TIM1_UP_IRQHandler
                0x0000000008000448                WWDG_IRQHandler
                0x0000000008000448                TIM2_IRQHandler
                0x0000000008000448                TIM1_BRK_IRQHandler
                0x0000000008000448                EXTI1_IRQHandler
                0x0000000008000448                USART2_IRQHandler
                0x0000000008000448                I2C2_ER_IRQHandler
                0x0000000008000448                DMA1_Channel2_IRQHandler
                0x0000000008000448                CAN1_SCE_IRQHandler
                0x0000000008000448                FLASH_IRQHandler
                0x0000000008000448                USART1_IRQHandler
                0x0000000008000448                I2C1_ER_IRQHandler
                0x0000000008000448                USBWakeUp_IRQHandler
 *fill*         0x000000000800044a        0x2 
 .text.HAL_InitTick
                0x000000000800044c       0x48 Drivers/STM32F1xx_HAL_Driver/Src/stm32f1xx_hal.o
                0x000000000800044c                HAL_InitTick
 .text.HAL_Init
                0x0000000008000494       0x24 Drivers/STM32F1xx_HAL_Driver/Src/stm32f1xx_hal.o
                0x0000000008000494                HAL_Init
 .text.HAL_IncTick
                0x00000000080004b8       0x18 Drivers/STM32F1xx_HAL_Driver/Src/stm32f1xx_hal.o
                0x00000000080004b8                HAL_IncTick
 .text.HAL_GetTick
                0x00000000080004d0        0xc Drivers/STM32F1xx_HAL_Driver/Src/stm32f1xx_hal.o
                0x00000000080004d0                HAL_GetTick
 .text.HAL_NVIC_SetPriorityGrouping
                0x00000000080004dc       0x24 Drivers/STM32F1xx_HAL_Driver/Src/stm32f1xx_hal_cortex.o
                0x00000000080004dc                HAL_NVIC_SetPriorityGrouping
 .text.HAL_NVIC_SetPriority
                0x0000000008000500       0x6c Drivers/STM32F1xx_HAL_Driver/Src/stm32f1xx_hal_cortex.o
                0x0000000008000500                HAL_NVIC_SetPriority
 .text.HAL_SYSTICK_Config
                0x000000000800056c       0x30 Drivers/STM32F1xx_HAL_Driver/Src/stm32f1xx_hal_cortex.o
                0x000000000800056c                HAL_SYSTICK_Config
 .text.HAL_GPIO_Init
                0x000000000800059c      0x1f4 Drivers/STM32F1xx_HAL_Driver/Src/stm32f1xx_hal_gpio.o
                0x000000000800059c                HAL_GPIO_Init
 .text.HAL_GPIO_ReadPin
                0x0000000008000790        0xc Drivers/STM32F1xx_HAL_Driver/Src/stm32f1xx_hal_gpio.o
                0x0000000008000790                HAL_GPIO_ReadPin
 .text.HAL_GPIO_WritePin
                0x000000000800079c        0x8 Drivers/STM32F1xx_HAL_Driver/Src/stm32f1xx_hal_gpio.o
                0x000000000800079c                HAL_GPIO_WritePin
 .text.HAL_RCC_OscConfig
                0x00000000080007a4      0x3f0 Drivers/STM32F1xx_HAL_Driver/Src/stm32f1xx_hal_rcc.o
                0x00000000080007a4                HAL_RCC_OscConfig
 .text.HAL_RCC_ClockConfig
                0x0000000008000b94      0x198 Drivers/STM32F1xx_HAL_Driver/Src/stm32f1xx_hal_rcc.o
                0x0000000008000b94                HAL_RCC_ClockConfig
 .text.osKernelInitialize
                0x0000000008000d2c       0x34 Middlewares/Third_Party/FreeRTOS/Source/CMSIS_RTOS_V2/cmsis_os2.o
                0x0000000008000d2c                osKernelInitialize
 .text.osKernelStart
                0x0000000008000d60       0x44 Middlewares/Third_Party/FreeRTOS/Source/CMSIS_RTOS_V2/cmsis_os2.o
                0x0000000008000d60                osKernelStart
 .text.osThreadNew
                0x0000000008000da4       0xb4 Middlewares/Third_Party/FreeRTOS/Source/CMSIS_RTOS_V2/cmsis_os2.o
                0x0000000008000da4                osThreadNew
 .text.osDelay  0x0000000008000e58       0x34 Middlewares/Third_Party/FreeRTOS/Source/CMSIS_RTOS_V2/cmsis_os2.o
                0x0000000008000e58                osDelay
 .text.vApplicationGetIdleTaskMemory
                0x0000000008000e8c       0x1c Middlewares/Third_Party/FreeRTOS/Source/CMSIS_RTOS_V2/cmsis_os2.o
                0x0000000008000e8c                vApplicationGetIdleTaskMemory
 .text.vApplicationGetTimerTaskMemory
                0x0000000008000ea8       0x1c Middlewares/Third_Party/FreeRTOS/Source/CMSIS_RTOS_V2/cmsis_os2.o
                0x0000000008000ea8                vApplicationGetTimerTaskMemory
 .text.vListInitialise
                0x0000000008000ec4       0x18 Middlewares/Third_Party/FreeRTOS/Source/list.o
                0x0000000008000ec4                vListInitialise
 .text.vListInitialiseItem
                0x0000000008000edc        0x8 Middlewares/Third_Party/FreeRTOS/Source/list.o
                0x0000000008000edc                vListInitialiseItem
 .text.vListInsertEnd
                0x0000000008000ee4       0x1c Middlewares/Third_Party/FreeRTOS/Source/list.o
                0x0000000008000ee4                vListInsertEnd
 .text.vListInsert
                0x0000000008000f00       0x34 Middlewares/Third_Party/FreeRTOS/Source/list.o
                0x0000000008000f00                vListInsert
 .text.uxListRemove
                0x0000000008000f34       0x28 Middlewares/Third_Party/FreeRTOS/Source/list.o
                0x0000000008000f34                uxListRemove
 .text.xQueueGenericReset
                0x0000000008000f5c       0x84 Middlewares/Third_Party/FreeRTOS/Source/queue.o
                0x0000000008000f5c                xQueueGenericReset
 .text.xQueueGenericCreateStatic
                0x0000000008000fe0       0xac Middlewares/Third_Party/FreeRTOS/Source/queue.o
                0x0000000008000fe0                xQueueGenericCreateStatic
 .text.xQueueGenericSend
                0x000000000800108c      0x398 Middlewares/Third_Party/FreeRTOS/Source/queue.o
                0x000000000800108c                xQueueGenericSend
 .text.xQueueReceive
                0x0000000008001424      0x2c8 Middlewares/Third_Party/FreeRTOS/Source/queue.o
                0x0000000008001424                xQueueReceive
 .text.vQueueAddToRegistry
                0x00000000080016ec       0x54 Middlewares/Third_Party/FreeRTOS/Source/queue.o
                0x00000000080016ec                vQueueAddToRegistry
 .text.vQueueWaitForMessageRestricted
                0x0000000008001740       0xcc Middlewares/Third_Party/FreeRTOS/Source/queue.o
                0x0000000008001740                vQueueWaitForMessageRestricted
 .text.prvAddNewTaskToReadyList
                0x000000000800180c      0x110 Middlewares/Third_Party/FreeRTOS/Source/tasks.o
 .text.unlikely.prvInitialiseNewTask.isra.2
                0x000000000800191c       0x90 Middlewares/Third_Party/FreeRTOS/Source/tasks.o
 .text.unlikely.prvAddCurrentTaskToDelayedList
                0x00000000080019ac       0x74 Middlewares/Third_Party/FreeRTOS/Source/tasks.o
 .text.prvIdleTask
                0x0000000008001a20       0xa0 Middlewares/Third_Party/FreeRTOS/Source/tasks.o
 .text.xTaskCreateStatic
                0x0000000008001ac0       0x70 Middlewares/Third_Party/FreeRTOS/Source/tasks.o
                0x0000000008001ac0                xTaskCreateStatic
 .text.xTaskCreate
                0x0000000008001b30      0x154 Middlewares/Third_Party/FreeRTOS/Source/tasks.o
                0x0000000008001b30                xTaskCreate
 .text.vTaskStartScheduler
                0x0000000008001c84       0xe0 Middlewares/Third_Party/FreeRTOS/Source/tasks.o
                0x0000000008001c84                vTaskStartScheduler
 .text.vTaskSuspendAll
                0x0000000008001d64       0x10 Middlewares/Third_Party/FreeRTOS/Source/tasks.o
                0x0000000008001d64                vTaskSuspendAll
 .text.xTaskGetTickCount
                0x0000000008001d74        0xc Middlewares/Third_Party/FreeRTOS/Source/tasks.o
                0x0000000008001d74                xTaskGetTickCount
 .text.xTaskIncrementTick
                0x0000000008001d80      0x148 Middlewares/Third_Party/FreeRTOS/Source/tasks.o
                0x0000000008001d80                xTaskIncrementTick
 .text.xTaskResumeAll
                0x0000000008001ec8      0x10c Middlewares/Third_Party/FreeRTOS/Source/tasks.o
                0x0000000008001ec8                xTaskResumeAll
 .text.vTaskDelay
                0x0000000008001fd4       0x48 Middlewares/Third_Party/FreeRTOS/Source/tasks.o
                0x0000000008001fd4                vTaskDelay
 .text.vTaskSwitchContext
                0x000000000800201c       0x88 Middlewares/Third_Party/FreeRTOS/Source/tasks.o
                0x000000000800201c                vTaskSwitchContext
 .text.vTaskPlaceOnEventList
                0x00000000080020a4       0x88 Middlewares/Third_Party/FreeRTOS/Source/tasks.o
                0x00000000080020a4                vTaskPlaceOnEventList
 .text.vTaskPlaceOnEventListRestricted
                0x000000000800212c       0x94 Middlewares/Third_Party/FreeRTOS/Source/tasks.o
                0x000000000800212c                vTaskPlaceOnEventListRestricted
 .text.xTaskRemoveFromEventList
                0x00000000080021c0       0x8c Middlewares/Third_Party/FreeRTOS/Source/tasks.o
                0x00000000080021c0                xTaskRemoveFromEventList
 .text.vTaskInternalSetTimeOutState
                0x000000000800224c       0x18 Middlewares/Third_Party/FreeRTOS/Source/tasks.o
                0x000000000800224c                vTaskInternalSetTimeOutState
 .text.xTaskCheckForTimeOut
                0x0000000008002264       0x8c Middlewares/Third_Party/FreeRTOS/Source/tasks.o
                0x0000000008002264                xTaskCheckForTimeOut
 .text.vTaskMissedYield
                0x00000000080022f0        0xc Middlewares/Third_Party/FreeRTOS/Source/tasks.o
                0x00000000080022f0                vTaskMissedYield
 .text.xTaskGetSchedulerState
                0x00000000080022fc       0x20 Middlewares/Third_Party/FreeRTOS/Source/tasks.o
                0x00000000080022fc                xTaskGetSchedulerState
 .text.xTaskPriorityDisinherit
                0x000000000800231c       0x84 Middlewares/Third_Party/FreeRTOS/Source/tasks.o
                0x000000000800231c                xTaskPriorityDisinherit
 .text.prvSwitchTimerLists
                0x00000000080023a0       0x94 Middlewares/Third_Party/FreeRTOS/Source/timers.o
 .text.prvTimerTask
                0x0000000008002434      0x258 Middlewares/Third_Party/FreeRTOS/Source/timers.o
 .text.xTimerCreateTimerTask
                0x000000000800268c       0xbc Middlewares/Third_Party/FreeRTOS/Source/timers.o
                0x000000000800268c                xTimerCreateTimerTask
 .text.prvTaskExitError
                0x0000000008002748       0x40 Middlewares/Third_Party/FreeRTOS/Source/portable/GCC/ARM_CM3/port.o
 .text.unlikely.prvPortStartFirstTask
                0x0000000008002788       0x20 Middlewares/Third_Party/FreeRTOS/Source/portable/GCC/ARM_CM3/port.o
 .text.pxPortInitialiseStack
                0x00000000080027a8       0x24 Middlewares/Third_Party/FreeRTOS/Source/portable/GCC/ARM_CM3/port.o
                0x00000000080027a8                pxPortInitialiseStack
 *fill*         0x00000000080027cc        0x4 
 .text.SVC_Handler
                0x00000000080027d0       0x24 Middlewares/Third_Party/FreeRTOS/Source/portable/GCC/ARM_CM3/port.o
                0x00000000080027d0                SVC_Handler
 .text.vPortEnterCritical
                0x00000000080027f4       0x44 Middlewares/Third_Party/FreeRTOS/Source/portable/GCC/ARM_CM3/port.o
                0x00000000080027f4                vPortEnterCritical
 .text.vPortExitCritical
                0x0000000008002838       0x28 Middlewares/Third_Party/FreeRTOS/Source/portable/GCC/ARM_CM3/port.o
                0x0000000008002838                vPortExitCritical
 .text.PendSV_Handler
                0x0000000008002860       0x44 Middlewares/Third_Party/FreeRTOS/Source/portable/GCC/ARM_CM3/port.o
                0x0000000008002860                PendSV_Handler
 .text.xPortSysTickHandler
                0x00000000080028a4       0x2c Middlewares/Third_Party/FreeRTOS/Source/portable/GCC/ARM_CM3/port.o
                0x00000000080028a4                xPortSysTickHandler
 .text.vPortSetupTimerInterrupt
                0x00000000080028d0       0x3c Middlewares/Third_Party/FreeRTOS/Source/portable/GCC/ARM_CM3/port.o
                0x00000000080028d0                vPortSetupTimerInterrupt
 .text.xPortStartScheduler
                0x000000000800290c       0xb8 Middlewares/Third_Party/FreeRTOS/Source/portable/GCC/ARM_CM3/port.o
                0x000000000800290c                xPortStartScheduler
 .text.unlikely.prvInsertBlockIntoFreeList
                0x00000000080029c4       0x50 Middlewares/Third_Party/FreeRTOS/Source/portable/MemMang/heap_4.o
 .text.pvPortMalloc
                0x0000000008002a14      0x128 Middlewares/Third_Party/FreeRTOS/Source/portable/MemMang/heap_4.o
                0x0000000008002a14                pvPortMalloc
 .text.vPortFree
                0x0000000008002b3c       0x70 Middlewares/Third_Party/FreeRTOS/Source/portable/MemMang/heap_4.o
                0x0000000008002b3c                vPortFree
 .text.__libc_init_array
                0x0000000008002bac       0x48 c:/st/stm32cubeide_1.5.1/stm32cubeide/plugins/com.st.stm32cube.ide.mcu.externaltools.gnu-tools-for-stm32.7-2018-q2-update.win32_1.5.0.202011040924/tools/bin/../lib/gcc/arm-none-eabi/7.3.1/../../../../arm-none-eabi/lib/thumb/v7-m\libc_nano.a(lib_a-init.o)
                0x0000000008002bac                __libc_init_array
 .text.memcpy   0x0000000008002bf4       0x16 c:/st/stm32cubeide_1.5.1/stm32cubeide/plugins/com.st.stm32cube.ide.mcu.externaltools.gnu-tools-for-stm32.7-2018-q2-update.win32_1.5.0.202011040924/tools/bin/../lib/gcc/arm-none-eabi/7.3.1/../../../../arm-none-eabi/lib/thumb/v7-m\libc_nano.a(lib_a-memcpy-stub.o)
                0x0000000008002bf4                memcpy
 .text.memset   0x0000000008002c0a       0x10 c:/st/stm32cubeide_1.5.1/stm32cubeide/plugins/com.st.stm32cube.ide.mcu.externaltools.gnu-tools-for-stm32.7-2018-q2-update.win32_1.5.0.202011040924/tools/bin/../lib/gcc/arm-none-eabi/7.3.1/../../../../arm-none-eabi/lib/thumb/v7-m\libc_nano.a(lib_a-memset.o)
                0x0000000008002c0a                memset
 *(.glue_7)
 .glue_7        0x0000000008002c1a        0x0 linker stubs
 *(.glue_7t)
 .glue_7t       0x0000000008002c1a        0x0 linker stubs
 *(.eh_frame)
 *fill*         0x0000000008002c1a        0x2 
 .eh_frame      0x0000000008002c1c        0x0 c:/st/stm32cubeide_1.5.1/stm32cubeide/plugins/com.st.stm32cube.ide.mcu.externaltools.gnu-tools-for-stm32.7-2018-q2-update.win32_1.5.0.202011040924/tools/bin/../lib/gcc/arm-none-eabi/7.3.1/thumb/v7-m/crtbegin.o
 *(.init)
 .init          0x0000000008002c1c        0x4 c:/st/stm32cubeide_1.5.1/stm32cubeide/plugins/com.st.stm32cube.ide.mcu.externaltools.gnu-tools-for-stm32.7-2018-q2-update.win32_1.5.0.202011040924/tools/bin/../lib/gcc/arm-none-eabi/7.3.1/thumb/v7-m/crti.o
                0x0000000008002c1c                _init
 .init          0x0000000008002c20        0x8 c:/st/stm32cubeide_1.5.1/stm32cubeide/plugins/com.st.stm32cube.ide.mcu.externaltools.gnu-tools-for-stm32.7-2018-q2-update.win32_1.5.0.202011040924/tools/bin/../lib/gcc/arm-none-eabi/7.3.1/thumb/v7-m/crtn.o
 *(.fini)
 .fini          0x0000000008002c28        0x4 c:/st/stm32cubeide_1.5.1/stm32cubeide/plugins/com.st.stm32cube.ide.mcu.externaltools.gnu-tools-for-stm32.7-2018-q2-update.win32_1.5.0.202011040924/tools/bin/../lib/gcc/arm-none-eabi/7.3.1/thumb/v7-m/crti.o
                0x0000000008002c28                _fini
 .fini          0x0000000008002c2c        0x8 c:/st/stm32cubeide_1.5.1/stm32cubeide/plugins/com.st.stm32cube.ide.mcu.externaltools.gnu-tools-for-stm32.7-2018-q2-update.win32_1.5.0.202011040924/tools/bin/../lib/gcc/arm-none-eabi/7.3.1/thumb/v7-m/crtn.o
                0x0000000008002c34                . = ALIGN (0x4)
                0x0000000008002c34                _etext = .

.vfp11_veneer   0x0000000008002c34        0x0
 .vfp11_veneer  0x0000000008002c34        0x0 linker stubs

.v4_bx          0x0000000008002c34        0x0
 .v4_bx         0x0000000008002c34        0x0 linker stubs

.iplt           0x0000000008002c34        0x0
 .iplt          0x0000000008002c34        0x0 c:/st/stm32cubeide_1.5.1/stm32cubeide/plugins/com.st.stm32cube.ide.mcu.externaltools.gnu-tools-for-stm32.7-2018-q2-update.win32_1.5.0.202011040924/tools/bin/../lib/gcc/arm-none-eabi/7.3.1/thumb/v7-m/crtbegin.o

.rodata         0x0000000008002c34       0xc8
                0x0000000008002c34                . = ALIGN (0x4)
 *(.rodata)
 .rodata        0x0000000008002c34       0x10 Drivers/STM32F1xx_HAL_Driver/Src/stm32f1xx_hal_rcc.o
 *(.rodata*)
 .rodata.defaultTask_attributes
                0x0000000008002c44       0x24 Core/Src/main.o
                0x0000000008002c44                defaultTask_attributes
 .rodata.myTask02_attributes
                0x0000000008002c68       0x24 Core/Src/main.o
                0x0000000008002c68                myTask02_attributes
 .rodata.myTask03_attributes
                0x0000000008002c8c       0x24 Core/Src/main.o
                0x0000000008002c8c                myTask03_attributes
 .rodata.str1.4
                0x0000000008002cb0       0x24 Core/Src/main.o
 .rodata.AHBPrescTable
                0x0000000008002cd4       0x10 Core/Src/system_stm32f1xx.o
                0x0000000008002cd4                AHBPrescTable
 .rodata.vTaskStartScheduler.str1.4
                0x0000000008002ce4        0x5 Middlewares/Third_Party/FreeRTOS/Source/tasks.o
 *fill*         0x0000000008002ce9        0x3 
 .rodata.xTimerCreateTimerTask.str1.4
                0x0000000008002cec       0x10 Middlewares/Third_Party/FreeRTOS/Source/timers.o
                0x0000000008002cfc                . = ALIGN (0x4)

.rel.dyn        0x0000000008002cfc        0x0
 .rel.iplt      0x0000000008002cfc        0x0 c:/st/stm32cubeide_1.5.1/stm32cubeide/plugins/com.st.stm32cube.ide.mcu.externaltools.gnu-tools-for-stm32.7-2018-q2-update.win32_1.5.0.202011040924/tools/bin/../lib/gcc/arm-none-eabi/7.3.1/thumb/v7-m/crtbegin.o

.ARM.extab      0x0000000008002cfc        0x0
                0x0000000008002cfc                . = ALIGN (0x4)
 *(.ARM.extab* .gnu.linkonce.armextab.*)
                0x0000000008002cfc                . = ALIGN (0x4)

.ARM            0x0000000008002cfc        0x0
                0x0000000008002cfc                . = ALIGN (0x4)
                0x0000000008002cfc                __exidx_start = .
 *(.ARM.exidx*)
                0x0000000008002cfc                __exidx_end = .
                0x0000000008002cfc                . = ALIGN (0x4)

.preinit_array  0x0000000008002cfc        0x0
                0x0000000008002cfc                . = ALIGN (0x4)
                0x0000000008002cfc                PROVIDE (__preinit_array_start = .)
 *(.preinit_array*)
                0x0000000008002cfc                PROVIDE (__preinit_array_end = .)
                0x0000000008002cfc                . = ALIGN (0x4)

.init_array     0x0000000008002cfc        0x4
                0x0000000008002cfc                . = ALIGN (0x4)
                0x0000000008002cfc                PROVIDE (__init_array_start = .)
 *(SORT_BY_NAME(.init_array.*))
 *(.init_array*)
 .init_array    0x0000000008002cfc        0x4 c:/st/stm32cubeide_1.5.1/stm32cubeide/plugins/com.st.stm32cube.ide.mcu.externaltools.gnu-tools-for-stm32.7-2018-q2-update.win32_1.5.0.202011040924/tools/bin/../lib/gcc/arm-none-eabi/7.3.1/thumb/v7-m/crtbegin.o
                0x0000000008002d00                PROVIDE (__init_array_end = .)
                0x0000000008002d00                . = ALIGN (0x4)

.fini_array     0x0000000008002d00        0x4
                0x0000000008002d00                . = ALIGN (0x4)
                [!provide]                        PROVIDE (__fini_array_start = .)
 *(SORT_BY_NAME(.fini_array.*))
 *(.fini_array*)
 .fini_array    0x0000000008002d00        0x4 c:/st/stm32cubeide_1.5.1/stm32cubeide/plugins/com.st.stm32cube.ide.mcu.externaltools.gnu-tools-for-stm32.7-2018-q2-update.win32_1.5.0.202011040924/tools/bin/../lib/gcc/arm-none-eabi/7.3.1/thumb/v7-m/crtbegin.o
                [!provide]                        PROVIDE (__fini_array_end = .)
                0x0000000008002d04                . = ALIGN (0x4)
                0x0000000008002d04                _sidata = LOADADDR (.data)

.data           0x0000000020000000       0x10 load address 0x0000000008002d04
                0x0000000020000000                . = ALIGN (0x4)
                0x0000000020000000                _sdata = .
 *(.data)
 *(.data*)
 .data.SystemCoreClock
                0x0000000020000000        0x4 Core/Src/system_stm32f1xx.o
                0x0000000020000000                SystemCoreClock
 .data.uwTickFreq
                0x0000000020000004        0x1 Drivers/STM32F1xx_HAL_Driver/Src/stm32f1xx_hal.o
                0x0000000020000004                uwTickFreq
 *fill*         0x0000000020000005        0x3 
 .data.uwTickPrio
                0x0000000020000008        0x4 Drivers/STM32F1xx_HAL_Driver/Src/stm32f1xx_hal.o
                0x0000000020000008                uwTickPrio
 .data.uxCriticalNesting
                0x000000002000000c        0x4 Middlewares/Third_Party/FreeRTOS/Source/portable/GCC/ARM_CM3/port.o
 *(.RamFunc)
 *(.RamFunc*)
                0x0000000020000010                . = ALIGN (0x4)
                0x0000000020000010                _edata = .

.igot.plt       0x0000000020000010        0x0 load address 0x0000000008002d14
 .igot.plt      0x0000000020000010        0x0 c:/st/stm32cubeide_1.5.1/stm32cubeide/plugins/com.st.stm32cube.ide.mcu.externaltools.gnu-tools-for-stm32.7-2018-q2-update.win32_1.5.0.202011040924/tools/bin/../lib/gcc/arm-none-eabi/7.3.1/thumb/v7-m/crtbegin.o
                0x0000000020000010                . = ALIGN (0x4)

.bss            0x0000000020000010     0x1974 load address 0x0000000008002d14
                0x0000000020000010                _sbss = .
                0x0000000020000010                __bss_start__ = _sbss
 *(.bss)
 .bss           0x0000000020000010       0x1c c:/st/stm32cubeide_1.5.1/stm32cubeide/plugins/com.st.stm32cube.ide.mcu.externaltools.gnu-tools-for-stm32.7-2018-q2-update.win32_1.5.0.202011040924/tools/bin/../lib/gcc/arm-none-eabi/7.3.1/thumb/v7-m/crtbegin.o
 *(.bss*)
 .bss.cont      0x000000002000002c        0x1 Core/Src/main.o
                0x000000002000002c                cont
 *fill*         0x000000002000002d        0x3 
 .bss.Idle_Stack
                0x0000000020000030      0x200 Middlewares/Third_Party/FreeRTOS/Source/CMSIS_RTOS_V2/cmsis_os2.o
 .bss.Idle_TCB  0x0000000020000230       0x5c Middlewares/Third_Party/FreeRTOS/Source/CMSIS_RTOS_V2/cmsis_os2.o
 .bss.KernelState
                0x000000002000028c        0x4 Middlewares/Third_Party/FreeRTOS/Source/CMSIS_RTOS_V2/cmsis_os2.o
 .bss.Timer_Stack
                0x0000000020000290      0x400 Middlewares/Third_Party/FreeRTOS/Source/CMSIS_RTOS_V2/cmsis_os2.o
 .bss.Timer_TCB
                0x0000000020000690       0x5c Middlewares/Third_Party/FreeRTOS/Source/CMSIS_RTOS_V2/cmsis_os2.o
 .bss.pxCurrentTCB
                0x00000000200006ec        0x4 Middlewares/Third_Party/FreeRTOS/Source/tasks.o
                0x00000000200006ec                pxCurrentTCB
 .bss.pxDelayedTaskList
                0x00000000200006f0        0x4 Middlewares/Third_Party/FreeRTOS/Source/tasks.o
 .bss.pxOverflowDelayedTaskList
                0x00000000200006f4        0x4 Middlewares/Third_Party/FreeRTOS/Source/tasks.o
 .bss.pxReadyTasksLists
                0x00000000200006f8      0x460 Middlewares/Third_Party/FreeRTOS/Source/tasks.o
 .bss.uxCurrentNumberOfTasks
                0x0000000020000b58        0x4 Middlewares/Third_Party/FreeRTOS/Source/tasks.o
 .bss.uxDeletedTasksWaitingCleanUp
                0x0000000020000b5c        0x4 Middlewares/Third_Party/FreeRTOS/Source/tasks.o
 .bss.uxPendedTicks
                0x0000000020000b60        0x4 Middlewares/Third_Party/FreeRTOS/Source/tasks.o
 .bss.uxSchedulerSuspended
                0x0000000020000b64        0x4 Middlewares/Third_Party/FreeRTOS/Source/tasks.o
 .bss.uxTaskNumber
                0x0000000020000b68        0x4 Middlewares/Third_Party/FreeRTOS/Source/tasks.o
 .bss.uxTopReadyPriority
                0x0000000020000b6c        0x4 Middlewares/Third_Party/FreeRTOS/Source/tasks.o
 .bss.xDelayedTaskList1
                0x0000000020000b70       0x14 Middlewares/Third_Party/FreeRTOS/Source/tasks.o
 .bss.xDelayedTaskList2
                0x0000000020000b84       0x14 Middlewares/Third_Party/FreeRTOS/Source/tasks.o
 .bss.xNextTaskUnblockTime
                0x0000000020000b98        0x4 Middlewares/Third_Party/FreeRTOS/Source/tasks.o
 .bss.xNumOfOverflows
                0x0000000020000b9c        0x4 Middlewares/Third_Party/FreeRTOS/Source/tasks.o
 .bss.xPendingReadyList
                0x0000000020000ba0       0x14 Middlewares/Third_Party/FreeRTOS/Source/tasks.o
 .bss.xSchedulerRunning
                0x0000000020000bb4        0x4 Middlewares/Third_Party/FreeRTOS/Source/tasks.o
 .bss.xSuspendedTaskList
                0x0000000020000bb8       0x14 Middlewares/Third_Party/FreeRTOS/Source/tasks.o
 .bss.xTasksWaitingTermination
                0x0000000020000bcc       0x14 Middlewares/Third_Party/FreeRTOS/Source/tasks.o
 .bss.xTickCount
                0x0000000020000be0        0x4 Middlewares/Third_Party/FreeRTOS/Source/tasks.o
 .bss.xYieldPending
                0x0000000020000be4        0x4 Middlewares/Third_Party/FreeRTOS/Source/tasks.o
 .bss.pxCurrentTimerList
                0x0000000020000be8        0x4 Middlewares/Third_Party/FreeRTOS/Source/timers.o
 .bss.pxOverflowTimerList
                0x0000000020000bec        0x4 Middlewares/Third_Party/FreeRTOS/Source/timers.o
 .bss.ucStaticTimerQueueStorage.5505
                0x0000000020000bf0       0xa0 Middlewares/Third_Party/FreeRTOS/Source/timers.o
 .bss.xActiveTimerList1
                0x0000000020000c90       0x14 Middlewares/Third_Party/FreeRTOS/Source/timers.o
 .bss.xActiveTimerList2
                0x0000000020000ca4       0x14 Middlewares/Third_Party/FreeRTOS/Source/timers.o
 .bss.xLastTime.5454
                0x0000000020000cb8        0x4 Middlewares/Third_Party/FreeRTOS/Source/timers.o
 .bss.xStaticTimerQueue.5504
                0x0000000020000cbc       0x50 Middlewares/Third_Party/FreeRTOS/Source/timers.o
 .bss.xTimerQueue
                0x0000000020000d0c        0x4 Middlewares/Third_Party/FreeRTOS/Source/timers.o
 .bss.xTimerTaskHandle
                0x0000000020000d10        0x4 Middlewares/Third_Party/FreeRTOS/Source/timers.o
 .bss.ucMaxSysCallPriority
                0x0000000020000d14        0x1 Middlewares/Third_Party/FreeRTOS/Source/portable/GCC/ARM_CM3/port.o
 *fill*         0x0000000020000d15        0x3 
 .bss.ulMaxPRIGROUPValue
                0x0000000020000d18        0x4 Middlewares/Third_Party/FreeRTOS/Source/portable/GCC/ARM_CM3/port.o
 .bss.pxEnd     0x0000000020000d1c        0x4 Middlewares/Third_Party/FreeRTOS/Source/portable/MemMang/heap_4.o
 .bss.ucHeap    0x0000000020000d20      0xc00 Middlewares/Third_Party/FreeRTOS/Source/portable/MemMang/heap_4.o
 .bss.xBlockAllocatedBit
                0x0000000020001920        0x4 Middlewares/Third_Party/FreeRTOS/Source/portable/MemMang/heap_4.o
 .bss.xFreeBytesRemaining
                0x0000000020001924        0x4 Middlewares/Third_Party/FreeRTOS/Source/portable/MemMang/heap_4.o
 .bss.xMinimumEverFreeBytesRemaining
                0x0000000020001928        0x4 Middlewares/Third_Party/FreeRTOS/Source/portable/MemMang/heap_4.o
 .bss.xStart    0x000000002000192c        0x8 Middlewares/Third_Party/FreeRTOS/Source/portable/MemMang/heap_4.o
 *(COMMON)
 COMMON         0x0000000020001934        0xc Core/Src/main.o
                0x0000000020001934                defaultTaskHandle
                0x0000000020001938                myTask02Handle
                0x000000002000193c                myTask03Handle
 COMMON         0x0000000020001940        0x4 Drivers/STM32F1xx_HAL_Driver/Src/stm32f1xx_hal.o
                0x0000000020001940                uwTick
 COMMON         0x0000000020001944       0x40 Middlewares/Third_Party/FreeRTOS/Source/queue.o
                0x0000000020001944                xQueueRegistry
                0x0000000020001984                . = ALIGN (0x4)
                0x0000000020001984                _ebss = .
                0x0000000020001984                __bss_end__ = _ebss

._user_heap_stack
                0x0000000020001984      0x604 load address 0x0000000008002d14
                0x0000000020001988                . = ALIGN (0x8)
 *fill*         0x0000000020001984        0x4 
                [!provide]                        PROVIDE (end = .)
                0x0000000020001988                PROVIDE (_end = .)
                0x0000000020001b88                . = (. + _Min_Heap_Size)
 *fill*         0x0000000020001988      0x200 
                0x0000000020001f88                . = (. + _Min_Stack_Size)
 *fill*         0x0000000020001b88      0x400 
                0x0000000020001f88                . = ALIGN (0x8)

/DISCARD/
 libc.a(*)
 libm.a(*)
 libgcc.a(*)

.ARM.attributes
                0x0000000000000000       0x29
 *(.ARM.attributes)
 .ARM.attributes
                0x0000000000000000       0x1d c:/st/stm32cubeide_1.5.1/stm32cubeide/plugins/com.st.stm32cube.ide.mcu.externaltools.gnu-tools-for-stm32.7-2018-q2-update.win32_1.5.0.202011040924/tools/bin/../lib/gcc/arm-none-eabi/7.3.1/thumb/v7-m/crti.o
 .ARM.attributes
                0x000000000000001d       0x2d c:/st/stm32cubeide_1.5.1/stm32cubeide/plugins/com.st.stm32cube.ide.mcu.externaltools.gnu-tools-for-stm32.7-2018-q2-update.win32_1.5.0.202011040924/tools/bin/../lib/gcc/arm-none-eabi/7.3.1/thumb/v7-m/crtbegin.o
 .ARM.attributes
                0x000000000000004a       0x33 Core/Src/main.o
 .ARM.attributes
                0x000000000000007d       0x33 Core/Src/stm32f1xx_hal_msp.o
 .ARM.attributes
                0x00000000000000b0       0x33 Core/Src/stm32f1xx_it.o
 .ARM.attributes
                0x00000000000000e3       0x33 Core/Src/system_stm32f1xx.o
 .ARM.attributes
                0x0000000000000116       0x21 Core/Startup/startup_stm32f103c8tx.o
 .ARM.attributes
                0x0000000000000137       0x33 Drivers/STM32F1xx_HAL_Driver/Src/stm32f1xx_hal.o
 .ARM.attributes
                0x000000000000016a       0x33 Drivers/STM32F1xx_HAL_Driver/Src/stm32f1xx_hal_cortex.o
 .ARM.attributes
                0x000000000000019d       0x33 Drivers/STM32F1xx_HAL_Driver/Src/stm32f1xx_hal_gpio.o
 .ARM.attributes
                0x00000000000001d0       0x33 Drivers/STM32F1xx_HAL_Driver/Src/stm32f1xx_hal_rcc.o
 .ARM.attributes
                0x0000000000000203       0x33 Middlewares/Third_Party/FreeRTOS/Source/CMSIS_RTOS_V2/cmsis_os2.o
 .ARM.attributes
                0x0000000000000236       0x33 Middlewares/Third_Party/FreeRTOS/Source/list.o
 .ARM.attributes
                0x0000000000000269       0x33 Middlewares/Third_Party/FreeRTOS/Source/queue.o
 .ARM.attributes
                0x000000000000029c       0x33 Middlewares/Third_Party/FreeRTOS/Source/tasks.o
 .ARM.attributes
                0x00000000000002cf       0x33 Middlewares/Third_Party/FreeRTOS/Source/timers.o
 .ARM.attributes
                0x0000000000000302       0x33 Middlewares/Third_Party/FreeRTOS/Source/portable/GCC/ARM_CM3/port.o
 .ARM.attributes
                0x0000000000000335       0x33 Middlewares/Third_Party/FreeRTOS/Source/portable/MemMang/heap_4.o
 .ARM.attributes
                0x0000000000000368       0x2d c:/st/stm32cubeide_1.5.1/stm32cubeide/plugins/com.st.stm32cube.ide.mcu.externaltools.gnu-tools-for-stm32.7-2018-q2-update.win32_1.5.0.202011040924/tools/bin/../lib/gcc/arm-none-eabi/7.3.1/../../../../arm-none-eabi/lib/thumb/v7-m\libc_nano.a(lib_a-init.o)
 .ARM.attributes
                0x0000000000000395       0x2d c:/st/stm32cubeide_1.5.1/stm32cubeide/plugins/com.st.stm32cube.ide.mcu.externaltools.gnu-tools-for-stm32.7-2018-q2-update.win32_1.5.0.202011040924/tools/bin/../lib/gcc/arm-none-eabi/7.3.1/../../../../arm-none-eabi/lib/thumb/v7-m\libc_nano.a(lib_a-memcpy-stub.o)
 .ARM.attributes
                0x00000000000003c2       0x2d c:/st/stm32cubeide_1.5.1/stm32cubeide/plugins/com.st.stm32cube.ide.mcu.externaltools.gnu-tools-for-stm32.7-2018-q2-update.win32_1.5.0.202011040924/tools/bin/../lib/gcc/arm-none-eabi/7.3.1/../../../../arm-none-eabi/lib/thumb/v7-m\libc_nano.a(lib_a-memset.o)
 .ARM.attributes
                0x00000000000003ef       0x1d c:/st/stm32cubeide_1.5.1/stm32cubeide/plugins/com.st.stm32cube.ide.mcu.externaltools.gnu-tools-for-stm32.7-2018-q2-update.win32_1.5.0.202011040924/tools/bin/../lib/gcc/arm-none-eabi/7.3.1/thumb/v7-m/crtn.o
OUTPUT(ExercicioPreAvaliacao.elf elf32-littlearm)

.debug_info     0x0000000000000000    0x140bd
 .debug_info    0x0000000000000000      0xb9e Core/Src/main.o
 .debug_info    0x0000000000000b9e      0x441 Core/Src/stm32f1xx_hal_msp.o
 .debug_info    0x0000000000000fdf      0x23d Core/Src/stm32f1xx_it.o
 .debug_info    0x000000000000121c      0x29d Core/Src/system_stm32f1xx.o
 .debug_info    0x00000000000014b9       0x22 Core/Startup/startup_stm32f103c8tx.o
 .debug_info    0x00000000000014db      0x7e8 Drivers/STM32F1xx_HAL_Driver/Src/stm32f1xx_hal.o
 .debug_info    0x0000000000001cc3      0xcb3 Drivers/STM32F1xx_HAL_Driver/Src/stm32f1xx_hal_cortex.o
 .debug_info    0x0000000000002976      0x6b0 Drivers/STM32F1xx_HAL_Driver/Src/stm32f1xx_hal_gpio.o
 .debug_info    0x0000000000003026      0xa89 Drivers/STM32F1xx_HAL_Driver/Src/stm32f1xx_hal_rcc.o
 .debug_info    0x0000000000003aaf     0x4af4 Middlewares/Third_Party/FreeRTOS/Source/CMSIS_RTOS_V2/cmsis_os2.o
 .debug_info    0x00000000000085a3      0xac0 Middlewares/Third_Party/FreeRTOS/Source/list.o
 .debug_info    0x0000000000009063     0x39be Middlewares/Third_Party/FreeRTOS/Source/queue.o
 .debug_info    0x000000000000ca21     0x40ab Middlewares/Third_Party/FreeRTOS/Source/tasks.o
 .debug_info    0x0000000000010acc     0x243f Middlewares/Third_Party/FreeRTOS/Source/timers.o
 .debug_info    0x0000000000012f0b      0x507 Middlewares/Third_Party/FreeRTOS/Source/portable/GCC/ARM_CM3/port.o
 .debug_info    0x0000000000013412      0xcab Middlewares/Third_Party/FreeRTOS/Source/portable/MemMang/heap_4.o

.debug_abbrev   0x0000000000000000     0x2912
 .debug_abbrev  0x0000000000000000      0x2c4 Core/Src/main.o
 .debug_abbrev  0x00000000000002c4      0x13c Core/Src/stm32f1xx_hal_msp.o
 .debug_abbrev  0x0000000000000400      0x103 Core/Src/stm32f1xx_it.o
 .debug_abbrev  0x0000000000000503      0x134 Core/Src/system_stm32f1xx.o
 .debug_abbrev  0x0000000000000637       0x12 Core/Startup/startup_stm32f103c8tx.o
 .debug_abbrev  0x0000000000000649      0x240 Drivers/STM32F1xx_HAL_Driver/Src/stm32f1xx_hal.o
 .debug_abbrev  0x0000000000000889      0x2fb Drivers/STM32F1xx_HAL_Driver/Src/stm32f1xx_hal_cortex.o
 .debug_abbrev  0x0000000000000b84      0x1dc Drivers/STM32F1xx_HAL_Driver/Src/stm32f1xx_hal_gpio.o
 .debug_abbrev  0x0000000000000d60      0x2e9 Drivers/STM32F1xx_HAL_Driver/Src/stm32f1xx_hal_rcc.o
 .debug_abbrev  0x0000000000001049      0x4be Middlewares/Third_Party/FreeRTOS/Source/CMSIS_RTOS_V2/cmsis_os2.o
 .debug_abbrev  0x0000000000001507      0x1ed Middlewares/Third_Party/FreeRTOS/Source/list.o
 .debug_abbrev  0x00000000000016f4      0x438 Middlewares/Third_Party/FreeRTOS/Source/queue.o
 .debug_abbrev  0x0000000000001b2c      0x4a2 Middlewares/Third_Party/FreeRTOS/Source/tasks.o
 .debug_abbrev  0x0000000000001fce      0x3f2 Middlewares/Third_Party/FreeRTOS/Source/timers.o
 .debug_abbrev  0x00000000000023c0      0x23b Middlewares/Third_Party/FreeRTOS/Source/portable/GCC/ARM_CM3/port.o
 .debug_abbrev  0x00000000000025fb      0x317 Middlewares/Third_Party/FreeRTOS/Source/portable/MemMang/heap_4.o

.debug_loc      0x0000000000000000     0xaf96
 .debug_loc     0x0000000000000000       0xd5 Core/Src/main.o
 .debug_loc     0x00000000000000d5       0xcd Core/Src/system_stm32f1xx.o
 .debug_loc     0x00000000000001a2      0x12f Drivers/STM32F1xx_HAL_Driver/Src/stm32f1xx_hal.o
 .debug_loc     0x00000000000002d1      0x588 Drivers/STM32F1xx_HAL_Driver/Src/stm32f1xx_hal_cortex.o
 .debug_loc     0x0000000000000859      0x3ca Drivers/STM32F1xx_HAL_Driver/Src/stm32f1xx_hal_gpio.o
 .debug_loc     0x0000000000000c23      0x5b9 Drivers/STM32F1xx_HAL_Driver/Src/stm32f1xx_hal_rcc.o
 .debug_loc     0x00000000000011dc     0x3126 Middlewares/Third_Party/FreeRTOS/Source/CMSIS_RTOS_V2/cmsis_os2.o
 .debug_loc     0x0000000000004302       0x69 Middlewares/Third_Party/FreeRTOS/Source/list.o
 .debug_loc     0x000000000000436b     0x2418 Middlewares/Third_Party/FreeRTOS/Source/queue.o
 .debug_loc     0x0000000000006783     0x34a6 Middlewares/Third_Party/FreeRTOS/Source/tasks.o
 .debug_loc     0x0000000000009c29      0xf3b Middlewares/Third_Party/FreeRTOS/Source/timers.o
 .debug_loc     0x000000000000ab64       0xb4 Middlewares/Third_Party/FreeRTOS/Source/portable/GCC/ARM_CM3/port.o
 .debug_loc     0x000000000000ac18      0x37e Middlewares/Third_Party/FreeRTOS/Source/portable/MemMang/heap_4.o

.debug_aranges  0x0000000000000000      0x9e0
 .debug_aranges
                0x0000000000000000       0x48 Core/Src/main.o
 .debug_aranges
                0x0000000000000048       0x20 Core/Src/stm32f1xx_hal_msp.o
 .debug_aranges
                0x0000000000000068       0x50 Core/Src/stm32f1xx_it.o
 .debug_aranges
                0x00000000000000b8       0x28 Core/Src/system_stm32f1xx.o
 .debug_aranges
                0x00000000000000e0       0x28 Core/Startup/startup_stm32f103c8tx.o
 .debug_aranges
                0x0000000000000108       0xd8 Drivers/STM32F1xx_HAL_Driver/Src/stm32f1xx_hal.o
 .debug_aranges
                0x00000000000001e0       0x90 Drivers/STM32F1xx_HAL_Driver/Src/stm32f1xx_hal_cortex.o
 .debug_aranges
                0x0000000000000270       0x58 Drivers/STM32F1xx_HAL_Driver/Src/stm32f1xx_hal_gpio.o
 .debug_aranges
                0x00000000000002c8       0x88 Drivers/STM32F1xx_HAL_Driver/Src/stm32f1xx_hal_rcc.o
 .debug_aranges
                0x0000000000000350      0x218 Middlewares/Third_Party/FreeRTOS/Source/CMSIS_RTOS_V2/cmsis_os2.o
 .debug_aranges
                0x0000000000000568       0x40 Middlewares/Third_Party/FreeRTOS/Source/list.o
 .debug_aranges
                0x00000000000005a8      0x118 Middlewares/Third_Party/FreeRTOS/Source/queue.o
 .debug_aranges
                0x00000000000006c0      0x1c0 Middlewares/Third_Party/FreeRTOS/Source/tasks.o
 .debug_aranges
                0x0000000000000880       0xa0 Middlewares/Third_Party/FreeRTOS/Source/timers.o
 .debug_aranges
                0x0000000000000920       0x78 Middlewares/Third_Party/FreeRTOS/Source/portable/GCC/ARM_CM3/port.o
 .debug_aranges
                0x0000000000000998       0x48 Middlewares/Third_Party/FreeRTOS/Source/portable/MemMang/heap_4.o

.debug_ranges   0x0000000000000000     0x1910
 .debug_ranges  0x0000000000000000       0x90 Core/Src/main.o
 .debug_ranges  0x0000000000000090       0x58 Core/Src/stm32f1xx_hal_msp.o
 .debug_ranges  0x00000000000000e8       0x40 Core/Src/stm32f1xx_it.o
 .debug_ranges  0x0000000000000128       0x18 Core/Src/system_stm32f1xx.o
 .debug_ranges  0x0000000000000140       0x20 Core/Startup/startup_stm32f103c8tx.o
 .debug_ranges  0x0000000000000160       0xc8 Drivers/STM32F1xx_HAL_Driver/Src/stm32f1xx_hal.o
 .debug_ranges  0x0000000000000228      0x148 Drivers/STM32F1xx_HAL_Driver/Src/stm32f1xx_hal_cortex.o
 .debug_ranges  0x0000000000000370       0x68 Drivers/STM32F1xx_HAL_Driver/Src/stm32f1xx_hal_gpio.o
 .debug_ranges  0x00000000000003d8       0xf8 Drivers/STM32F1xx_HAL_Driver/Src/stm32f1xx_hal_rcc.o
 .debug_ranges  0x00000000000004d0      0x220 Middlewares/Third_Party/FreeRTOS/Source/CMSIS_RTOS_V2/cmsis_os2.o
 .debug_ranges  0x00000000000006f0       0x30 Middlewares/Third_Party/FreeRTOS/Source/list.o
 .debug_ranges  0x0000000000000720      0x5b8 Middlewares/Third_Party/FreeRTOS/Source/queue.o
 .debug_ranges  0x0000000000000cd8      0x8e0 Middlewares/Third_Party/FreeRTOS/Source/tasks.o
 .debug_ranges  0x00000000000015b8      0x290 Middlewares/Third_Party/FreeRTOS/Source/timers.o
 .debug_ranges  0x0000000000001848       0x90 Middlewares/Third_Party/FreeRTOS/Source/portable/GCC/ARM_CM3/port.o
 .debug_ranges  0x00000000000018d8       0x38 Middlewares/Third_Party/FreeRTOS/Source/portable/MemMang/heap_4.o

.debug_macro    0x0000000000000000     0x207c
 .debug_macro   0x0000000000000000      0x219 Core/Src/main.o
 .debug_macro   0x0000000000000219       0x5b Core/Src/main.o
 .debug_macro   0x0000000000000274       0x74 Core/Src/main.o
 .debug_macro   0x00000000000002e8      0x11c Core/Src/main.o
 .debug_macro   0x0000000000000404       0xdd Core/Src/main.o
 .debug_macro   0x00000000000004e1      0x18e Core/Src/stm32f1xx_hal_msp.o
 .debug_macro   0x000000000000066f      0x200 Core/Src/stm32f1xx_it.o
 .debug_macro   0x000000000000086f      0x184 Core/Src/system_stm32f1xx.o
 .debug_macro   0x00000000000009f3      0x1a8 Drivers/STM32F1xx_HAL_Driver/Src/stm32f1xx_hal.o
 .debug_macro   0x0000000000000b9b      0x184 Drivers/STM32F1xx_HAL_Driver/Src/stm32f1xx_hal_cortex.o
 .debug_macro   0x0000000000000d1f      0x1ef Drivers/STM32F1xx_HAL_Driver/Src/stm32f1xx_hal_gpio.o
 .debug_macro   0x0000000000000f0e      0x196 Drivers/STM32F1xx_HAL_Driver/Src/stm32f1xx_hal_rcc.o
 .debug_macro   0x00000000000010a4      0x23a Middlewares/Third_Party/FreeRTOS/Source/CMSIS_RTOS_V2/cmsis_os2.o
 .debug_macro   0x00000000000012de       0x10 Middlewares/Third_Party/FreeRTOS/Source/CMSIS_RTOS_V2/cmsis_os2.o
 .debug_macro   0x00000000000012ee       0x20 Middlewares/Third_Party/FreeRTOS/Source/CMSIS_RTOS_V2/cmsis_os2.o
 .debug_macro   0x000000000000130e       0x10 Middlewares/Third_Party/FreeRTOS/Source/CMSIS_RTOS_V2/cmsis_os2.o
 .debug_macro   0x000000000000131e       0xb7 Middlewares/Third_Party/FreeRTOS/Source/CMSIS_RTOS_V2/cmsis_os2.o
 .debug_macro   0x00000000000013d5       0x91 Middlewares/Third_Party/FreeRTOS/Source/CMSIS_RTOS_V2/cmsis_os2.o
 .debug_macro   0x0000000000001466       0x8d Middlewares/Third_Party/FreeRTOS/Source/CMSIS_RTOS_V2/cmsis_os2.o
 .debug_macro   0x00000000000014f3       0x9a Middlewares/Third_Party/FreeRTOS/Source/CMSIS_RTOS_V2/cmsis_os2.o
 .debug_macro   0x000000000000158d      0x17a Middlewares/Third_Party/FreeRTOS/Source/list.o
 .debug_macro   0x0000000000001707      0x205 Middlewares/Third_Party/FreeRTOS/Source/queue.o
 .debug_macro   0x000000000000190c       0x16 Middlewares/Third_Party/FreeRTOS/Source/queue.o
 .debug_macro   0x0000000000001922      0x27a Middlewares/Third_Party/FreeRTOS/Source/tasks.o
 .debug_macro   0x0000000000001b9c       0x10 Middlewares/Third_Party/FreeRTOS/Source/tasks.o
 .debug_macro   0x0000000000001bac      0x1bd Middlewares/Third_Party/FreeRTOS/Source/timers.o
 .debug_macro   0x0000000000001d69      0x172 Middlewares/Third_Party/FreeRTOS/Source/portable/GCC/ARM_CM3/port.o
 .debug_macro   0x0000000000001edb      0x1a1 Middlewares/Third_Party/FreeRTOS/Source/portable/MemMang/heap_4.o

.debug_line     0x0000000000000000     0x9d3d
 .debug_line    0x0000000000000000      0x88b Core/Src/main.o
 .debug_line    0x000000000000088b      0x63a Core/Src/stm32f1xx_hal_msp.o
 .debug_line    0x0000000000000ec5      0x7a4 Core/Src/stm32f1xx_it.o
 .debug_line    0x0000000000001669      0x651 Core/Src/system_stm32f1xx.o
 .debug_line    0x0000000000001cba       0x87 Core/Startup/startup_stm32f103c8tx.o
 .debug_line    0x0000000000001d41      0x80b Drivers/STM32F1xx_HAL_Driver/Src/stm32f1xx_hal.o
 .debug_line    0x000000000000254c      0x85c Drivers/STM32F1xx_HAL_Driver/Src/stm32f1xx_hal_cortex.o
 .debug_line    0x0000000000002da8      0x800 Drivers/STM32F1xx_HAL_Driver/Src/stm32f1xx_hal_gpio.o
 .debug_line    0x00000000000035a8      0xa28 Drivers/STM32F1xx_HAL_Driver/Src/stm32f1xx_hal_rcc.o
 .debug_line    0x0000000000003fd0     0x192f Middlewares/Third_Party/FreeRTOS/Source/CMSIS_RTOS_V2/cmsis_os2.o
 .debug_line    0x00000000000058ff      0x690 Middlewares/Third_Party/FreeRTOS/Source/list.o
 .debug_line    0x0000000000005f8f     0x1146 Middlewares/Third_Party/FreeRTOS/Source/queue.o
 .debug_line    0x00000000000070d5     0x1539 Middlewares/Third_Party/FreeRTOS/Source/tasks.o
 .debug_line    0x000000000000860e      0x9bb Middlewares/Third_Party/FreeRTOS/Source/timers.o
 .debug_line    0x0000000000008fc9      0x646 Middlewares/Third_Party/FreeRTOS/Source/portable/GCC/ARM_CM3/port.o
 .debug_line    0x000000000000960f      0x72e Middlewares/Third_Party/FreeRTOS/Source/portable/MemMang/heap_4.o

.debug_str      0x0000000000000000    0x8884a
 .debug_str     0x0000000000000000    0x7e724 Core/Src/main.o
                                      0x7eaa2 (size before relaxing)
 .debug_str     0x000000000007e724      0x2d3 Core/Src/stm32f1xx_hal_msp.o
                                      0x7aea0 (size before relaxing)
 .debug_str     0x000000000007e9f7      0xe17 Core/Src/stm32f1xx_it.o
                                      0x7e4cf (size before relaxing)
 .debug_str     0x000000000007f80e       0x52 Core/Src/system_stm32f1xx.o
                                      0x7aba3 (size before relaxing)
 .debug_str     0x000000000007f860       0x36 Core/Startup/startup_stm32f103c8tx.o
                                         0x80 (size before relaxing)
 .debug_str     0x000000000007f896      0x31f Drivers/STM32F1xx_HAL_Driver/Src/stm32f1xx_hal.o
                                      0x7b279 (size before relaxing)
 .debug_str     0x000000000007fbb5      0x2b2 Drivers/STM32F1xx_HAL_Driver/Src/stm32f1xx_hal_cortex.o
                                      0x7b23c (size before relaxing)
 .debug_str     0x000000000007fe67      0x2f3 Drivers/STM32F1xx_HAL_Driver/Src/stm32f1xx_hal_gpio.o
                                      0x7af67 (size before relaxing)
 .debug_str     0x000000000008015a      0x229 Drivers/STM32F1xx_HAL_Driver/Src/stm32f1xx_hal_rcc.o
                                      0x7afc7 (size before relaxing)
 .debug_str     0x0000000000080383     0x5bc3 Middlewares/Third_Party/FreeRTOS/Source/CMSIS_RTOS_V2/cmsis_os2.o
                                       0xe257 (size before relaxing)
 .debug_str     0x0000000000085f46      0x225 Middlewares/Third_Party/FreeRTOS/Source/list.o
                                       0xa3b7 (size before relaxing)
 .debug_str     0x000000000008616b      0x86c Middlewares/Third_Party/FreeRTOS/Source/queue.o
                                       0xbdb1 (size before relaxing)
 .debug_str     0x00000000000869d7     0x10b6 Middlewares/Third_Party/FreeRTOS/Source/tasks.o
                                       0xc911 (size before relaxing)
 .debug_str     0x0000000000087a8d      0x515 Middlewares/Third_Party/FreeRTOS/Source/timers.o
                                       0xc277 (size before relaxing)
 .debug_str     0x0000000000087fa2      0x66e Middlewares/Third_Party/FreeRTOS/Source/portable/GCC/ARM_CM3/port.o
                                       0x7fc5 (size before relaxing)
 .debug_str     0x0000000000088610      0x23a Middlewares/Third_Party/FreeRTOS/Source/portable/MemMang/heap_4.o
                                       0xaaf9 (size before relaxing)

.comment        0x0000000000000000       0x7b
 .comment       0x0000000000000000       0x7b Core/Src/main.o
                                         0x7c (size before relaxing)
 .comment       0x000000000000007b       0x7c Core/Src/stm32f1xx_hal_msp.o
 .comment       0x000000000000007b       0x7c Core/Src/stm32f1xx_it.o
 .comment       0x000000000000007b       0x7c Core/Src/system_stm32f1xx.o
 .comment       0x000000000000007b       0x7c Drivers/STM32F1xx_HAL_Driver/Src/stm32f1xx_hal.o
 .comment       0x000000000000007b       0x7c Drivers/STM32F1xx_HAL_Driver/Src/stm32f1xx_hal_cortex.o
 .comment       0x000000000000007b       0x7c Drivers/STM32F1xx_HAL_Driver/Src/stm32f1xx_hal_gpio.o
 .comment       0x000000000000007b       0x7c Drivers/STM32F1xx_HAL_Driver/Src/stm32f1xx_hal_rcc.o
 .comment       0x000000000000007b       0x7c Middlewares/Third_Party/FreeRTOS/Source/CMSIS_RTOS_V2/cmsis_os2.o
 .comment       0x000000000000007b       0x7c Middlewares/Third_Party/FreeRTOS/Source/list.o
 .comment       0x000000000000007b       0x7c Middlewares/Third_Party/FreeRTOS/Source/queue.o
 .comment       0x000000000000007b       0x7c Middlewares/Third_Party/FreeRTOS/Source/tasks.o
 .comment       0x000000000000007b       0x7c Middlewares/Third_Party/FreeRTOS/Source/timers.o
 .comment       0x000000000000007b       0x7c Middlewares/Third_Party/FreeRTOS/Source/portable/GCC/ARM_CM3/port.o
 .comment       0x000000000000007b       0x7c Middlewares/Third_Party/FreeRTOS/Source/portable/MemMang/heap_4.o

.debug_frame    0x0000000000000000     0x1dc0
 .debug_frame   0x0000000000000000       0xa8 Core/Src/main.o
 .debug_frame   0x00000000000000a8       0x30 Core/Src/stm32f1xx_hal_msp.o
 .debug_frame   0x00000000000000d8       0x90 Core/Src/stm32f1xx_it.o
 .debug_frame   0x0000000000000168       0x30 Core/Src/system_stm32f1xx.o
 .debug_frame   0x0000000000000198      0x1d4 Drivers/STM32F1xx_HAL_Driver/Src/stm32f1xx_hal.o
 .debug_frame   0x000000000000036c      0x138 Drivers/STM32F1xx_HAL_Driver/Src/stm32f1xx_hal_cortex.o
 .debug_frame   0x00000000000004a4      0x110 Drivers/STM32F1xx_HAL_Driver/Src/stm32f1xx_hal_gpio.o
 .debug_frame   0x00000000000005b4      0x19c Drivers/STM32F1xx_HAL_Driver/Src/stm32f1xx_hal_rcc.o
 .debug_frame   0x0000000000000750      0x770 Middlewares/Third_Party/FreeRTOS/Source/CMSIS_RTOS_V2/cmsis_os2.o
 .debug_frame   0x0000000000000ec0       0x88 Middlewares/Third_Party/FreeRTOS/Source/list.o
 .debug_frame   0x0000000000000f48      0x408 Middlewares/Third_Party/FreeRTOS/Source/queue.o
 .debug_frame   0x0000000000001350      0x63c Middlewares/Third_Party/FreeRTOS/Source/tasks.o
 .debug_frame   0x000000000000198c      0x220 Middlewares/Third_Party/FreeRTOS/Source/timers.o
 .debug_frame   0x0000000000001bac      0x108 Middlewares/Third_Party/FreeRTOS/Source/portable/GCC/ARM_CM3/port.o
 .debug_frame   0x0000000000001cb4       0x98 Middlewares/Third_Party/FreeRTOS/Source/portable/MemMang/heap_4.o
 .debug_frame   0x0000000000001d4c       0x2c c:/st/stm32cubeide_1.5.1/stm32cubeide/plugins/com.st.stm32cube.ide.mcu.externaltools.gnu-tools-for-stm32.7-2018-q2-update.win32_1.5.0.202011040924/tools/bin/../lib/gcc/arm-none-eabi/7.3.1/../../../../arm-none-eabi/lib/thumb/v7-m\libc_nano.a(lib_a-init.o)
 .debug_frame   0x0000000000001d78       0x28 c:/st/stm32cubeide_1.5.1/stm32cubeide/plugins/com.st.stm32cube.ide.mcu.externaltools.gnu-tools-for-stm32.7-2018-q2-update.win32_1.5.0.202011040924/tools/bin/../lib/gcc/arm-none-eabi/7.3.1/../../../../arm-none-eabi/lib/thumb/v7-m\libc_nano.a(lib_a-memcpy-stub.o)
 .debug_frame   0x0000000000001da0       0x20 c:/st/stm32cubeide_1.5.1/stm32cubeide/plugins/com.st.stm32cube.ide.mcu.externaltools.gnu-tools-for-stm32.7-2018-q2-update.win32_1.5.0.202011040924/tools/bin/../lib/gcc/arm-none-eabi/7.3.1/../../../../arm-none-eabi/lib/thumb/v7-m\libc_nano.a(lib_a-memset.o)
