14:48:39 **** Incremental Build of configuration Debug for project IconeMonteEverest ****
make -j4 all 
arm-none-eabi-gcc "../Core/Src/main.c" -mcpu=cortex-m3 -std=gnu11 -g3 -DUSE_HAL_DRIVER -DSTM32F103xB -DDEBUG -c -I../Core/Inc -I../Drivers/STM32F1xx_HAL_Driver/Inc -I../Drivers/STM32F1xx_HAL_Driver/Inc/Legacy -I../Drivers/CMSIS/Device/ST/STM32F1xx/Include -I../Drivers/CMSIS/Include -O0 -ffunction-sections -fdata-sections -Wall -fstack-usage -MMD -MP -MF"Core/Src/main.d" -MT"Core/Src/main.o" --specs=nano.specs -mfloat-abi=soft -mthumb -o "Core/Src/main.o"
../Core/Src/main.c:51:45: warning: missing braces around initializer [-Wmissing-braces]
 static const uint16_t Ana_lele[][24*24/2] = {
                                             ^
   0x83ff, 0x80ff, 0x80ff, 0x80ff, 0x81ff, 0xffff, 0xffff, 0xffff, 0xffff, 0xffff, 0xffff, 0x9fdf, 0x7ed7, 0x3ecf, 0xbdb6, 0x1dbf, 0x1db7, 0xdda6, 0x1daf, 0x9fdf, 0xffff, 0xffff, 0xffff, 0xffff,
   {
../Core/Src/main.c:63:193:
   0x1daf, 0xddae, 0x96bd, 0x39a6, 0x74b5, 0x8fcc, 0x72d5, 0xffff, 0xffff, 0xffff, 0xffff, 0x7def, 0x9ad6, 0x5def, 0x7def, 0x59ce, 0x59ce, 0x5def, 0x5def, 0x59ce, 0x59ce, 0x5def, 0x72d5, 0x6dc4,
                                                                                                                                                                                                 }
   0xddbe, 0x95bd, 0xd6ad, 0x0cbc, 0x8ec4, 0x72d5, 0xffff, 0xffff, 0xffff, 0xffff, 0xffff, 0x59ce, 0x18c6, 0x38c6, 0x59ce, 0x18c6, 0x18c6, 0x18c6, 0x18c6, 0x18c6, 0x18c6, 0x18c6, 0x59ce, 0xb4cd,
   {
../Core/Src/main.c:76:1:
 };
 }
../Core/Src/main.c:197:40: warning: missing braces around initializer [-Wmissing-braces]
 static const uint16_t _4[][24*24/2]  = {
                                        ^
   0x1d05, 0x1d05, 0x1d05, 0xfd4d, 0x9fdf, 0xffff, 0xffff, 0x9fdf, 0x3e66, 0x1d05, 0x1d05, 0x1d05, 0x1d05, 0x1d05, 0x1d05, 0x1d05, 0x1d05, 0x1d05, 0x1d05, 0x1d05, 0x1d05, 0x1d05, 0x1d05, 0x1d05,
   {
../Core/Src/main.c:209:193:
   0x1d05, 0x1d05, 0xfe9e, 0xde96, 0x1d05, 0x1d05, 0x1d05, 0x1d05, 0x1d05, 0x1d05, 0x1d05, 0x1d05, 0x1d05, 0x1d05, 0x1d05, 0x1d05, 0x1d05, 0x1d05, 0x1d05, 0x1d05, 0x1d05, 0x1d05, 0x1d05, 0x1d05,
                                                                                                                                                                                                 }
   0x1d05, 0x1d05, 0x1d05, 0x1d05, 0x1d05, 0x1d05, 0x1d05, 0x1d05, 0x1d05, 0x1d05, 0x1d05, 0xb6b5, 0x0842, 0xf39c, 0x1d05, 0x1d05, 0x1d05, 0x2c02, 0xdb04, 0x1d05, 0x1d05, 0x1d05, 0xea01, 0x1d05,
   {
../Core/Src/main.c:222:1:
 };
 }
../Core/Src/main.c:197:23: warning: '_4' defined but not used [-Wunused-const-variable=]
 static const uint16_t _4[][24*24/2]  = {
                       ^~
arm-none-eabi-gcc -o "IconeMonteEverest.elf" @"objects.list"   -mcpu=cortex-m3 -T"C:\Users\alunos\STM32CubeIDE\STM32_2025\IconeAnalLele\IconeMonteEverest\STM32F103C8TX_FLASH.ld" --specs=nosys.specs -Wl,-Map="IconeMonteEverest.map" -Wl,--gc-sections -static --specs=nano.specs -mfloat-abi=soft -mthumb -Wl,--start-group -lc -lm -Wl,--end-group
Finished building target: IconeMonteEverest.elf
 
arm-none-eabi-objdump -h -S  IconeMonteEverest.elf  > "IconeMonteEverest.list"
arm-none-eabi-objcopy  -O binary  IconeMonteEverest.elf  "IconeMonteEverest.bin"
arm-none-eabi-size   IconeMonteEverest.elf 
   text	   data	    bss	    dec	    hex	filename
   8288	     20	   1660	   9968	   26f0	IconeMonteEverest.elf
Finished building: default.size.stdout
 
Finished building: IconeMonteEverest.bin
 
Finished building: IconeMonteEverest.list
 
14:48:50 **** Incremental Build of configuration Debug for project IconeMonteEverest ****
make -j4 all 
arm-none-eabi-size   IconeMonteEverest.elf 
   text	   data	    bss	    dec	    hex	filename
   8288	     20	   1660	   9968	   26f0	IconeMonteEverest.elf
Finished building: default.size.stdout
 
14:50:27 **** Incremental Build of configuration Debug for project IconeMonteEverest ****
make -j4 all 
arm-none-eabi-gcc "../Core/Src/main.c" -mcpu=cortex-m3 -std=gnu11 -g3 -DUSE_HAL_DRIVER -DSTM32F103xB -DDEBUG -c -I../Core/Inc -I../Drivers/STM32F1xx_HAL_Driver/Inc -I../Drivers/STM32F1xx_HAL_Driver/Inc/Legacy -I../Drivers/CMSIS/Device/ST/STM32F1xx/Include -I../Drivers/CMSIS/Include -O0 -ffunction-sections -fdata-sections -Wall -fstack-usage -MMD -MP -MF"Core/Src/main.d" -MT"Core/Src/main.o" --specs=nano.specs -mfloat-abi=soft -mthumb -o "Core/Src/main.o"
../Core/Src/main.c:51:45: warning: missing braces around initializer [-Wmissing-braces]
 static const uint16_t Ana_lele[][24*24/2] = {
                                             ^
   0x83ff, 0x80ff, 0x80ff, 0x80ff, 0x81ff, 0xffff, 0xffff, 0xffff, 0xffff, 0xffff, 0xffff, 0x9fdf, 0x7ed7, 0x3ecf, 0xbdb6, 0x1dbf, 0x1db7, 0xdda6, 0x1daf, 0x9fdf, 0xffff, 0xffff, 0xffff, 0xffff,
   {
../Core/Src/main.c:63:193:
   0x1daf, 0xddae, 0x96bd, 0x39a6, 0x74b5, 0x8fcc, 0x72d5, 0xffff, 0xffff, 0xffff, 0xffff, 0x7def, 0x9ad6, 0x5def, 0x7def, 0x59ce, 0x59ce, 0x5def, 0x5def, 0x59ce, 0x59ce, 0x5def, 0x72d5, 0x6dc4,
                                                                                                                                                                                                 }
   0xddbe, 0x95bd, 0xd6ad, 0x0cbc, 0x8ec4, 0x72d5, 0xffff, 0xffff, 0xffff, 0xffff, 0xffff, 0x59ce, 0x18c6, 0x38c6, 0x59ce, 0x18c6, 0x18c6, 0x18c6, 0x18c6, 0x18c6, 0x18c6, 0x18c6, 0x59ce, 0xb4cd,
   {
../Core/Src/main.c:76:1:
 };
 }
../Core/Src/main.c:197:40: warning: missing braces around initializer [-Wmissing-braces]
 static const uint16_t _4[][24*24/2]  = {
                                        ^
   0x1d05, 0x1d05, 0x1d05, 0xfd4d, 0x9fdf, 0xffff, 0xffff, 0x9fdf, 0x3e66, 0x1d05, 0x1d05, 0x1d05, 0x1d05, 0x1d05, 0x1d05, 0x1d05, 0x1d05, 0x1d05, 0x1d05, 0x1d05, 0x1d05, 0x1d05, 0x1d05, 0x1d05,
   {
../Core/Src/main.c:209:193:
   0x1d05, 0x1d05, 0xfe9e, 0xde96, 0x1d05, 0x1d05, 0x1d05, 0x1d05, 0x1d05, 0x1d05, 0x1d05, 0x1d05, 0x1d05, 0x1d05, 0x1d05, 0x1d05, 0x1d05, 0x1d05, 0x1d05, 0x1d05, 0x1d05, 0x1d05, 0x1d05, 0x1d05,
                                                                                                                                                                                                 }
   0x1d05, 0x1d05, 0x1d05, 0x1d05, 0x1d05, 0x1d05, 0x1d05, 0x1d05, 0x1d05, 0x1d05, 0x1d05, 0xb6b5, 0x0842, 0xf39c, 0x1d05, 0x1d05, 0x1d05, 0x2c02, 0xdb04, 0x1d05, 0x1d05, 0x1d05, 0xea01, 0x1d05,
   {
../Core/Src/main.c:222:1:
 };
 }
arm-none-eabi-gcc -o "IconeMonteEverest.elf" @"objects.list"   -mcpu=cortex-m3 -T"C:\Users\alunos\STM32CubeIDE\STM32_2025\IconeAnalLele\IconeMonteEverest\STM32F103C8TX_FLASH.ld" --specs=nosys.specs -Wl,-Map="IconeMonteEverest.map" -Wl,--gc-sections -static --specs=nano.specs -mfloat-abi=soft -mthumb -Wl,--start-group -lc -lm -Wl,--end-group
Finished building target: IconeMonteEverest.elf
 
arm-none-eabi-objdump -h -S  IconeMonteEverest.elf  > "IconeMonteEverest.list"
arm-none-eabi-objcopy  -O binary  IconeMonteEverest.elf  "IconeMonteEverest.bin"
arm-none-eabi-size   IconeMonteEverest.elf 
   text	   data	    bss	    dec	    hex	filename
   9444	     20	   1660	  11124	   2b74	IconeMonteEverest.elf
Finished building: default.size.stdout
 
Finished building: IconeMonteEverest.bin
Finished building: IconeMonteEverest.list
 
 
14:51:54 **** Incremental Build of configuration Debug for project IconeMonteEverest ****
make -j4 all 
arm-none-eabi-gcc "../Core/Src/main.c" -mcpu=cortex-m3 -std=gnu11 -g3 -DUSE_HAL_DRIVER -DSTM32F103xB -DDEBUG -c -I../Core/Inc -I../Drivers/STM32F1xx_HAL_Driver/Inc -I../Drivers/STM32F1xx_HAL_Driver/Inc/Legacy -I../Drivers/CMSIS/Device/ST/STM32F1xx/Include -I../Drivers/CMSIS/Include -O0 -ffunction-sections -fdata-sections -Wall -fstack-usage -MMD -MP -MF"Core/Src/main.d" -MT"Core/Src/main.o" --specs=nano.specs -mfloat-abi=soft -mthumb -o "Core/Src/main.o"
../Core/Src/main.c:81:39: warning: missing braces around initializer [-Wmissing-braces]
 static const uint16_t _2[][32*32/2] = {
                                       ^
   0x1d05, 0x1d05, 0x1d05, 0x1d05, 0x1d05, 0x1d05, 0x1d05, 0x1d05, 0x1d05, 0x1d05, 0x1d05, 0x1d05, 0x3d05, 0xbd35, 0xbd35, 0x3d0d, 0x1d05, 0x1d05, 0x3d05, 0xbd35, 0xdd45, 0x7d25, 0x1d05, 0x1d05, 0x1d05, 0x1d05, 0x1d05, 0x1d05, 0x1d05, 0x1d05, 0x1d05, 0x1d05,
   {
../Core/Src/main.c:97:257:
   0x1d05, 0x1d05, 0x1c05, 0xcd2a, 0x0000, 0x2000, 0xe92c, 0x8925, 0xab35, 0xed63, 0x0000, 0x0000, 0x4b1a, 0xf754, 0xa811, 0x0000, 0xa631, 0x1176, 0x8925, 0x8925, 0x8925, 0x8925, 0x6925, 0xcb53, 0x0000, 0x0000, 0x2000, 0x0000, 0x0000, 0xe739, 0x0a2d, 0x8925,
                                                                                                                                                                                                                                                                 }
   0x1d05, 0x1d05, 0xb91c, 0x0419, 0x2000, 0x0943, 0x6925, 0x8925, 0x8925, 0x8925, 0x328d, 0x0000, 0xe318, 0xe318, 0x0000, 0x8210, 0x6e64, 0x8925, 0x8925, 0x8925, 0x8925, 0x8925, 0x8925, 0x6925, 0xc318, 0x0000, 0x8210, 0x2a4b, 0xb496, 0x8925, 0x8925, 0x8925,
   {
../Core/Src/main.c:114:1:
 };
 }
../Core/Src/main.c:119:39: warning: missing braces around initializer [-Wmissing-braces]
 static const uint16_t _1[][32*32/2] = {
                                       ^
   0xffff, 0xdff7, 0x3d05, 0x1d05, 0x1d05, 0x1d05, 0x1d05, 0x1d05, 0x1d05, 0x1d05, 0x1d05, 0x1d05, 0x1d05, 0x1d05, 0x1d05, 0x1d05, 0x1d05, 0x1d05, 0x3d05, 0xbd35, 0xdd45, 0x7d25, 0x1d05, 0x3d0d, 0xdd3d, 0xdd3d, 0x5d15, 0x1d05, 0x1d05, 0x1d05, 0x1d05, 0x1d05,
   {
../Core/Src/main.c:135:257:
   0x1d05, 0x1d05, 0x1c05, 0xcd2a, 0x0000, 0x2000, 0xe92c, 0x8925, 0xab35, 0xed63, 0x0000, 0x0000, 0x4b1a, 0xf754, 0xa811, 0x0000, 0xa631, 0x1176, 0x8925, 0x8925, 0x8925, 0x8925, 0x6925, 0xcb53, 0x0000, 0x0000, 0x2000, 0x0000, 0x0000, 0xe739, 0x0a2d, 0x8925,
                                                                                                                                                                                                                                                                 }
   0x1d05, 0x1d05, 0xb91c, 0x0419, 0x2000, 0x0943, 0x6925, 0x8925, 0x8925, 0x8925, 0x328d, 0x0000, 0xe318, 0xe318, 0x0000, 0x8210, 0x6e64, 0x8925, 0x8925, 0x8925, 0x8925, 0x8925, 0x8925, 0x6925, 0xc318, 0x0000, 0x8210, 0x2a4b, 0xb496, 0x8925, 0x8925, 0x8925,
   {
../Core/Src/main.c:152:1:
 };
 }
../Core/Src/main.c:157:39: warning: missing braces around initializer [-Wmissing-braces]
 static const uint16_t _3[][32*32/2] = {
                                       ^
   0x1d05, 0x1d05, 0xbe8e, 0xffff, 0xffff, 0xde9e, 0x3d05, 0x1d05, 0x1d05, 0x5d15, 0xbd3d, 0x7d25, 0x1d05, 0x1d05, 0x1d05, 0x1d05, 0x1d05, 0x1d05, 0x1d05, 0x1d05, 0x1d05, 0x3d0d, 0x3d05, 0xbd35, 0xdd45, 0xbd3d, 0x5d15, 0x1d05, 0x7d1d, 0xdd45, 0xdd45, 0x7d25,
   {
../Core/Src/main.c:173:257:
   0x1d05, 0x1d05, 0x1c05, 0xcd2a, 0x0000, 0x2000, 0xe92c, 0x8925, 0xab35, 0xed63, 0x0000, 0x0000, 0x4b1a, 0xf754, 0xa811, 0x0000, 0xa631, 0x1176, 0x8925, 0x8925, 0x8925, 0x8925, 0x6925, 0xcb53, 0x0000, 0x0000, 0x2000, 0x0000, 0x0000, 0xe739, 0x0a2d, 0x8925,
                                                                                                                                                                                                                                                                 }
   0x1d05, 0x1d05, 0xb91c, 0x0419, 0x2000, 0x0943, 0x6925, 0x8925, 0x8925, 0x8925, 0x328d, 0x0000, 0xe318, 0xe318, 0x0000, 0x8210, 0x6e64, 0x8925, 0x8925, 0x8925, 0x8925, 0x8925, 0x8925, 0x6925, 0xc318, 0x0000, 0x8210, 0x2a4b, 0xb496, 0x8925, 0x8925, 0x8925,
   {
../Core/Src/main.c:190:1:
 };
 }
arm-none-eabi-gcc -o "IconeMonteEverest.elf" @"objects.list"   -mcpu=cortex-m3 -T"C:\Users\alunos\STM32CubeIDE\STM32_2025\IconeAnalLele\IconeMonteEverest\STM32F103C8TX_FLASH.ld" --specs=nosys.specs -Wl,-Map="IconeMonteEverest.map" -Wl,--gc-sections -static --specs=nano.specs -mfloat-abi=soft -mthumb -Wl,--start-group -lc -lm -Wl,--end-group
Finished building target: IconeMonteEverest.elf
 
arm-none-eabi-objdump -h -S  IconeMonteEverest.elf  > "IconeMonteEverest.list"
arm-none-eabi-objcopy  -O binary  IconeMonteEverest.elf  "IconeMonteEverest.bin"
arm-none-eabi-size   IconeMonteEverest.elf 
   text	   data	    bss	    dec	    hex	filename
  13300	     20	   1660	  14980	   3a84	IconeMonteEverest.elf
Finished building: default.size.stdout
 
Finished building: IconeMonteEverest.bin
Finished building: IconeMonteEverest.list
 
 
14:53:38 **** Incremental Build of configuration Debug for project IconeMonteEverest ****
make -j4 all 
arm-none-eabi-gcc "../Core/Src/main.c" -mcpu=cortex-m3 -std=gnu11 -g3 -DUSE_HAL_DRIVER -DSTM32F103xB -DDEBUG -c -I../Core/Inc -I../Drivers/STM32F1xx_HAL_Driver/Inc -I../Drivers/STM32F1xx_HAL_Driver/Inc/Legacy -I../Drivers/CMSIS/Device/ST/STM32F1xx/Include -I../Drivers/CMSIS/Include -O0 -ffunction-sections -fdata-sections -Wall -fstack-usage -MMD -MP -MF"Core/Src/main.d" -MT"Core/Src/main.o" --specs=nano.specs -mfloat-abi=soft -mthumb -o "Core/Src/main.o"
../Core/Src/main.c:81:39: warning: missing braces around initializer [-Wmissing-braces]
 static const uint16_t _2[][32*32/2] = {
                                       ^
   0x1d05, 0x1d05, 0x1d05, 0x1d05, 0x1d05, 0x1d05, 0x1d05, 0x1d05, 0x1d05, 0x1d05, 0x1d05, 0x1d05, 0x3d05, 0xbd35, 0xbd35, 0x3d0d, 0x1d05, 0x1d05, 0x3d05, 0xbd35, 0xdd45, 0x7d25, 0x1d05, 0x1d05, 0x1d05, 0x1d05, 0x1d05, 0x1d05, 0x1d05, 0x1d05, 0x1d05, 0x1d05,
   {
../Core/Src/main.c:97:257:
   0x1d05, 0x1d05, 0x1c05, 0xcd2a, 0x0000, 0x2000, 0xe92c, 0x8925, 0xab35, 0xed63, 0x0000, 0x0000, 0x4b1a, 0xf754, 0xa811, 0x0000, 0xa631, 0x1176, 0x8925, 0x8925, 0x8925, 0x8925, 0x6925, 0xcb53, 0x0000, 0x0000, 0x2000, 0x0000, 0x0000, 0xe739, 0x0a2d, 0x8925,
                                                                                                                                                                                                                                                                 }
   0x1d05, 0x1d05, 0xb91c, 0x0419, 0x2000, 0x0943, 0x6925, 0x8925, 0x8925, 0x8925, 0x328d, 0x0000, 0xe318, 0xe318, 0x0000, 0x8210, 0x6e64, 0x8925, 0x8925, 0x8925, 0x8925, 0x8925, 0x8925, 0x6925, 0xc318, 0x0000, 0x8210, 0x2a4b, 0xb496, 0x8925, 0x8925, 0x8925,
   {
../Core/Src/main.c:114:1:
 };
 }
../Core/Src/main.c:119:39: warning: missing braces around initializer [-Wmissing-braces]
 static const uint16_t _1[][32*32/2] = {
                                       ^
   0xffff, 0xdff7, 0x3d05, 0x1d05, 0x1d05, 0x1d05, 0x1d05, 0x1d05, 0x1d05, 0x1d05, 0x1d05, 0x1d05, 0x1d05, 0x1d05, 0x1d05, 0x1d05, 0x1d05, 0x1d05, 0x3d05, 0xbd35, 0xdd45, 0x7d25, 0x1d05, 0x3d0d, 0xdd3d, 0xdd3d, 0x5d15, 0x1d05, 0x1d05, 0x1d05, 0x1d05, 0x1d05,
   {
../Core/Src/main.c:135:257:
   0x1d05, 0x1d05, 0x1c05, 0xcd2a, 0x0000, 0x2000, 0xe92c, 0x8925, 0xab35, 0xed63, 0x0000, 0x0000, 0x4b1a, 0xf754, 0xa811, 0x0000, 0xa631, 0x1176, 0x8925, 0x8925, 0x8925, 0x8925, 0x6925, 0xcb53, 0x0000, 0x0000, 0x2000, 0x0000, 0x0000, 0xe739, 0x0a2d, 0x8925,
                                                                                                                                                                                                                                                                 }
   0x1d05, 0x1d05, 0xb91c, 0x0419, 0x2000, 0x0943, 0x6925, 0x8925, 0x8925, 0x8925, 0x328d, 0x0000, 0xe318, 0xe318, 0x0000, 0x8210, 0x6e64, 0x8925, 0x8925, 0x8925, 0x8925, 0x8925, 0x8925, 0x6925, 0xc318, 0x0000, 0x8210, 0x2a4b, 0xb496, 0x8925, 0x8925, 0x8925,
   {
../Core/Src/main.c:152:1:
 };
 }
../Core/Src/main.c:157:39: warning: missing braces around initializer [-Wmissing-braces]
 static const uint16_t _3[][32*32/2] = {
                                       ^
   0x1d05, 0x1d05, 0xbe8e, 0xffff, 0xffff, 0xde9e, 0x3d05, 0x1d05, 0x1d05, 0x5d15, 0xbd3d, 0x7d25, 0x1d05, 0x1d05, 0x1d05, 0x1d05, 0x1d05, 0x1d05, 0x1d05, 0x1d05, 0x1d05, 0x3d0d, 0x3d05, 0xbd35, 0xdd45, 0xbd3d, 0x5d15, 0x1d05, 0x7d1d, 0xdd45, 0xdd45, 0x7d25,
   {
../Core/Src/main.c:173:257:
   0x1d05, 0x1d05, 0x1c05, 0xcd2a, 0x0000, 0x2000, 0xe92c, 0x8925, 0xab35, 0xed63, 0x0000, 0x0000, 0x4b1a, 0xf754, 0xa811, 0x0000, 0xa631, 0x1176, 0x8925, 0x8925, 0x8925, 0x8925, 0x6925, 0xcb53, 0x0000, 0x0000, 0x2000, 0x0000, 0x0000, 0xe739, 0x0a2d, 0x8925,
                                                                                                                                                                                                                                                                 }
   0x1d05, 0x1d05, 0xb91c, 0x0419, 0x2000, 0x0943, 0x6925, 0x8925, 0x8925, 0x8925, 0x328d, 0x0000, 0xe318, 0xe318, 0x0000, 0x8210, 0x6e64, 0x8925, 0x8925, 0x8925, 0x8925, 0x8925, 0x8925, 0x6925, 0xc318, 0x0000, 0x8210, 0x2a4b, 0xb496, 0x8925, 0x8925, 0x8925,
   {
../Core/Src/main.c:190:1:
 };
 }
arm-none-eabi-gcc -o "IconeMonteEverest.elf" @"objects.list"   -mcpu=cortex-m3 -T"C:\Users\alunos\STM32CubeIDE\STM32_2025\IconeAnalLele\IconeMonteEverest\STM32F103C8TX_FLASH.ld" --specs=nosys.specs -Wl,-Map="IconeMonteEverest.map" -Wl,--gc-sections -static --specs=nano.specs -mfloat-abi=soft -mthumb -Wl,--start-group -lc -lm -Wl,--end-group
Finished building target: IconeMonteEverest.elf
 
arm-none-eabi-objdump -h -S  IconeMonteEverest.elf  > "IconeMonteEverest.list"
arm-none-eabi-objcopy  -O binary  IconeMonteEverest.elf  "IconeMonteEverest.bin"
arm-none-eabi-size   IconeMonteEverest.elf 
   text	   data	    bss	    dec	    hex	filename
  13292	     20	   1660	  14972	   3a7c	IconeMonteEverest.elf
Finished building: default.size.stdout
 
Finished building: IconeMonteEverest.bin
 
Finished building: IconeMonteEverest.list
 
