14:41:12 **** Incremental Build of configuration Debug for project SEM_2025 ****
make -j4 all 
arm-none-eabi-gcc "../Core/Src/main.c" -mcpu=cortex-m3 -std=gnu11 -g3 -DUSE_HAL_DRIVER -DSTM32F103xB -DDEBUG -c -I../Core/Inc -I../Drivers/STM32F1xx_HAL_Driver/Inc -I../Drivers/STM32F1xx_HAL_Driver/Inc/Legacy -I../Drivers/CMSIS/Device/ST/STM32F1xx/Include -I../Drivers/CMSIS/Include -O0 -ffunction-sections -fdata-sections -Wall -fstack-usage -MMD -MP -MF"Core/Src/main.d" -MT"Core/Src/main.o" --specs=nano.specs -mfloat-abi=soft -mthumb -o "Core/Src/main.o"
../Core/Src/main.c: In function 'main':
../Core/Src/main.c:112:26: warning: implicit declaration of function 'rand' [-Wimplicit-function-declaration]
             numeros[i] = rand() % 61;
                          ^~~~
../Core/Src/main.c:110:8: warning: variable 'numeros' set but not used [-Wunused-but-set-variable]
    int numeros[7];
        ^~~~~~~
arm-none-eabi-gcc -o "SEM_2025.elf" @"objects.list"   -mcpu=cortex-m3 -T"C:\Users\alunos\STM32CubeIDE\STM32_2025\SEM_2025\STM32F103C8TX_FLASH.ld" --specs=nosys.specs -Wl,-Map="SEM_2025.map" -Wl,--gc-sections -static --specs=nano.specs -mfloat-abi=soft -mthumb -Wl,--start-group -lc -lm -Wl,--end-group
Finished building target: SEM_2025.elf
 
arm-none-eabi-objdump -h -S  SEM_2025.elf  > "SEM_2025.list"
arm-none-eabi-objcopy  -O binary  SEM_2025.elf  "SEM_2025.bin"
arm-none-eabi-size   SEM_2025.elf 
   text	   data	    bss	    dec	    hex	filename
   4972	    120	   1584	   6676	   1a14	SEM_2025.elf
Finished building: default.size.stdout
 
Finished building: SEM_2025.bin
 
Finished building: SEM_2025.list
 

14:41:13 Build Finished. 0 errors, 2 warnings. (took 1s.110ms)

